Component: Arm Compiler for Embedded 6.19 Tool: armlink [5e73cb00]

==============================================================================

Section Cross References

    startup_stm32f407xx.o(STACK) refers (Special) to heapauxi.o(.text) for __use_two_region_memory
    startup_stm32f407xx.o(HEAP) refers (Special) to heapauxi.o(.text) for __use_two_region_memory
    startup_stm32f407xx.o(RESET) refers (Special) to heapauxi.o(.text) for __use_two_region_memory
    startup_stm32f407xx.o(RESET) refers to startup_stm32f407xx.o(STACK) for __initial_sp
    startup_stm32f407xx.o(RESET) refers to startup_stm32f407xx.o(.text) for Reset_Handler
    startup_stm32f407xx.o(RESET) refers to stm32f4xx_it.o(.text.NMI_Handler) for NMI_Handler
    startup_stm32f407xx.o(RESET) refers to stm32f4xx_it.o(.text.HardFault_Handler) for HardFault_Handler
    startup_stm32f407xx.o(RESET) refers to stm32f4xx_it.o(.text.MemManage_Handler) for MemManage_Handler
    startup_stm32f407xx.o(RESET) refers to stm32f4xx_it.o(.text.BusFault_Handler) for BusFault_Handler
    startup_stm32f407xx.o(RESET) refers to stm32f4xx_it.o(.text.UsageFault_Handler) for UsageFault_Handler
    startup_stm32f407xx.o(RESET) refers to stm32f4xx_it.o(.text.SVC_Handler) for SVC_Handler
    startup_stm32f407xx.o(RESET) refers to stm32f4xx_it.o(.text.DebugMon_Handler) for DebugMon_Handler
    startup_stm32f407xx.o(RESET) refers to stm32f4xx_it.o(.text.PendSV_Handler) for PendSV_Handler
    startup_stm32f407xx.o(RESET) refers to stm32f4xx_it.o(.text.SysTick_Handler) for SysTick_Handler
    startup_stm32f407xx.o(RESET) refers to stm32f4xx_it.o(.text.SDIO_IRQHandler) for SDIO_IRQHandler
    startup_stm32f407xx.o(RESET) refers to stm32f4xx_it.o(.text.DMA2_Stream3_IRQHandler) for DMA2_Stream3_IRQHandler
    startup_stm32f407xx.o(RESET) refers to stm32f4xx_it.o(.text.OTG_FS_IRQHandler) for OTG_FS_IRQHandler
    startup_stm32f407xx.o(RESET) refers to stm32f4xx_it.o(.text.DMA2_Stream6_IRQHandler) for DMA2_Stream6_IRQHandler
    startup_stm32f407xx.o(.text) refers (Special) to heapauxi.o(.text) for __use_two_region_memory
    startup_stm32f407xx.o(.text) refers to system_stm32f4xx.o(.text.SystemInit) for SystemInit
    startup_stm32f407xx.o(.text) refers to __main.o(!!!main) for __main
    startup_stm32f407xx.o(.text) refers to startup_stm32f407xx.o(HEAP) for Heap_Mem
    startup_stm32f407xx.o(.text) refers to startup_stm32f407xx.o(STACK) for Stack_Mem
    main.o(.text.main) refers to stm32f4xx_hal.o(.text.HAL_Init) for HAL_Init
    main.o(.text.main) refers to main.o(.text.SystemClock_Config) for SystemClock_Config
    main.o(.text.main) refers to gpio.o(.text.MX_GPIO_Init) for MX_GPIO_Init
    main.o(.text.main) refers to dma.o(.text.MX_DMA_Init) for MX_DMA_Init
    main.o(.text.main) refers to sdio.o(.text.MX_SDIO_SD_Init) for MX_SDIO_SD_Init
    main.o(.text.main) refers to i2c.o(.text.MX_I2C1_Init) for MX_I2C1_Init
    main.o(.text.main) refers to spi.o(.text.MX_SPI1_Init) for MX_SPI1_Init
    main.o(.text.main) refers to spi.o(.text.MX_SPI2_Init) for MX_SPI2_Init
    main.o(.text.main) refers to spi.o(.text.MX_SPI3_Init) for MX_SPI3_Init
    main.o(.text.main) refers to fatfs.o(.text.MX_FATFS_Init) for MX_FATFS_Init
    main.o(.text.main) refers to usb_device.o(.text.MX_USB_DEVICE_Init) for MX_USB_DEVICE_Init
    main.o(.ARM.exidx.text.main) refers to main.o(.text.main) for [Anonymous Symbol]
    main.o(.text.SystemClock_Config) refers to stm32f4xx_hal_rcc.o(.text.HAL_RCC_OscConfig) for HAL_RCC_OscConfig
    main.o(.text.SystemClock_Config) refers to stm32f4xx_hal_rcc.o(.text.HAL_RCC_ClockConfig) for HAL_RCC_ClockConfig
    main.o(.ARM.exidx.text.SystemClock_Config) refers to main.o(.text.SystemClock_Config) for [Anonymous Symbol]
    main.o(.ARM.exidx.text.Error_Handler) refers to main.o(.text.Error_Handler) for [Anonymous Symbol]
    gpio.o(.text.MX_GPIO_Init) refers to stm32f4xx_hal_gpio.o(.text.HAL_GPIO_WritePin) for HAL_GPIO_WritePin
    gpio.o(.text.MX_GPIO_Init) refers to stm32f4xx_hal_gpio.o(.text.HAL_GPIO_Init) for HAL_GPIO_Init
    gpio.o(.ARM.exidx.text.MX_GPIO_Init) refers to gpio.o(.text.MX_GPIO_Init) for [Anonymous Symbol]
    dma.o(.text.MX_DMA_Init) refers to stm32f4xx_hal_cortex.o(.text.HAL_NVIC_SetPriority) for HAL_NVIC_SetPriority
    dma.o(.text.MX_DMA_Init) refers to stm32f4xx_hal_cortex.o(.text.HAL_NVIC_EnableIRQ) for HAL_NVIC_EnableIRQ
    dma.o(.ARM.exidx.text.MX_DMA_Init) refers to dma.o(.text.MX_DMA_Init) for [Anonymous Symbol]
    i2c.o(.text.MX_I2C1_Init) refers to i2c.o(.bss.hi2c1) for hi2c1
    i2c.o(.text.MX_I2C1_Init) refers to stm32f4xx_hal_i2c.o(.text.HAL_I2C_Init) for HAL_I2C_Init
    i2c.o(.text.MX_I2C1_Init) refers to main.o(.text.Error_Handler) for Error_Handler
    i2c.o(.ARM.exidx.text.MX_I2C1_Init) refers to i2c.o(.text.MX_I2C1_Init) for [Anonymous Symbol]
    i2c.o(.text.HAL_I2C_MspInit) refers to stm32f4xx_hal_gpio.o(.text.HAL_GPIO_Init) for HAL_GPIO_Init
[...]
    DMA1_Stream0_IRQHandler                  0x08000243   Thumb Code     0  startup_stm32f407xx.o(.text)
    DMA1_Stream1_IRQHandler                  0x08000243   Thumb Code     0  startup_stm32f407xx.o(.text)
    DMA1_Stream2_IRQHandler                  0x08000243   Thumb Code     0  startup_stm32f407xx.o(.text)
    DMA1_Stream3_IRQHandler                  0x08000243   Thumb Code     0  startup_stm32f407xx.o(.text)
    DMA1_Stream4_IRQHandler                  0x08000243   Thumb Code     0  startup_stm32f407xx.o(.text)
    DMA1_Stream5_IRQHandler                  0x08000243   Thumb Code     0  startup_stm32f407xx.o(.text)
    DMA1_Stream6_IRQHandler                  0x08000243   Thumb Code     0  startup_stm32f407xx.o(.text)
    DMA1_Stream7_IRQHandler                  0x08000243   Thumb Code     0  startup_stm32f407xx.o(.text)
    DMA2_Stream0_IRQHandler                  0x08000243   Thumb Code     0  startup_stm32f407xx.o(.text)
    DMA2_Stream1_IRQHandler                  0x08000243   Thumb Code     0  startup_stm32f407xx.o(.text)
    DMA2_Stream2_IRQHandler                  0x08000243   Thumb Code     0  startup_stm32f407xx.o(.text)
    DMA2_Stream4_IRQHandler                  0x08000243   Thumb Code     0  startup_stm32f407xx.o(.text)
    DMA2_Stream5_IRQHandler                  0x08000243   Thumb Code     0  startup_stm32f407xx.o(.text)
    DMA2_Stream7_IRQHandler                  0x08000243   Thumb Code     0  startup_stm32f407xx.o(.text)
    ETH_IRQHandler                           0x08000243   Thumb Code     0  startup_stm32f407xx.o(.text)
    ETH_WKUP_IRQHandler                      0x08000243   Thumb Code     0  startup_stm32f407xx.o(.text)
    EXTI0_IRQHandler                         0x08000243   Thumb Code     0  startup_stm32f407xx.o(.text)
    EXTI15_10_IRQHandler                     0x08000243   Thumb Code     0  startup_stm32f407xx.o(.text)
    EXTI1_IRQHandler                         0x08000243   Thumb Code     0  startup_stm32f407xx.o(.text)
    EXTI2_IRQHandler                         0x08000243   Thumb Code     0  startup_stm32f407xx.o(.text)
    EXTI3_IRQHandler                         0x08000243   Thumb Code     0  startup_stm32f407xx.o(.text)
    EXTI4_IRQHandler                         0x08000243   Thumb Code     0  startup_stm32f407xx.o(.text)
    EXTI9_5_IRQHandler                       0x08000243   Thumb Code     0  startup_stm32f407xx.o(.text)
    FLASH_IRQHandler                         0x08000243   Thumb Code     0  startup_stm32f407xx.o(.text)
    FMC_IRQHandler                           0x08000243   Thumb Code     0  startup_stm32f407xx.o(.text)
    FPU_IRQHandler                           0x08000243   Thumb Code     0  startup_stm32f407xx.o(.text)
    HASH_RNG_IRQHandler                      0x08000243   Thumb Code     0  startup_stm32f407xx.o(.text)
    I2C1_ER_IRQHandler                       0x08000243   Thumb Code     0  startup_stm32f407xx.o(.text)
    I2C1_EV_IRQHandler                       0x08000243   Thumb Code     0  startup_stm32f407xx.o(.text)
    I2C2_ER_IRQHandler                       0x08000243   Thumb Code     0  startup_stm32f407xx.o(.text)
    I2C2_EV_IRQHandler                       0x08000243   Thumb Code     0  startup_stm32f407xx.o(.text)
    I2C3_ER_IRQHandler                       0x08000243   Thumb Code     0  startup_stm32f407xx.o(.text)
    I2C3_EV_IRQHandler                       0x08000243   Thumb Code     0  startup_stm32f407xx.o(.text)
    OTG_FS_WKUP_IRQHandler                   0x08000243   Thumb Code     0  startup_stm32f407xx.o(.text)
    OTG_HS_EP1_IN_IRQHandler                 0x08000243   Thumb Code     0  startup_stm32f407xx.o(.text)
    OTG_HS_EP1_OUT_IRQHandler                0x08000243   Thumb Code     0  startup_stm32f407xx.o(.text)
    OTG_HS_IRQHandler                        0x08000243   Thumb Code     0  startup_stm32f407xx.o(.text)
    OTG_HS_WKUP_IRQHandler                   0x08000243   Thumb Code     0  startup_stm32f407xx.o(.text)
    PVD_IRQHandler                           0x08000243   Thumb Code     0  startup_stm32f407xx.o(.text)
    RCC_IRQHandler                           0x08000243   Thumb Code     0  startup_stm32f407xx.o(.text)
    RTC_Alarm_IRQHandler                     0x08000243   Thumb Code     0  startup_stm32f407xx.o(.text)
    RTC_WKUP_IRQHandler                      0x08000243   Thumb Code     0  startup_stm32f407xx.o(.text)
    SPI1_IRQHandler                          0x08000243   Thumb Code     0  startup_stm32f407xx.o(.text)
    SPI2_IRQHandler                          0x08000243   Thumb Code     0  startup_stm32f407xx.o(.text)
    SPI3_IRQHandler                          0x08000243   Thumb Code     0  startup_stm32f407xx.o(.text)
    TAMP_STAMP_IRQHandler                    0x08000243   Thumb Code     0  startup_stm32f407xx.o(.text)
    TIM1_BRK_TIM9_IRQHandler                 0x08000243   Thumb Code     0  startup_stm32f407xx.o(.text)
    TIM1_CC_IRQHandler                       0x08000243   Thumb Code     0  startup_stm32f407xx.o(.text)
    TIM1_TRG_COM_TIM11_IRQHandler            0x08000243   Thumb Code     0  startup_stm32f407xx.o(.text)
    TIM1_UP_TIM10_IRQHandler                 0x08000243   Thumb Code     0  startup_stm32f407xx.o(.text)
    TIM2_IRQHandler                          0x08000243   Thumb Code     0  startup_stm32f407xx.o(.text)
    TIM3_IRQHandler                          0x08000243   Thumb Code     0  startup_stm32f407xx.o(.text)
    TIM4_IRQHandler                          0x08000243   Thumb Code     0  startup_stm32f407xx.o(.text)
    TIM5_IRQHandler                          0x08000243   Thumb Code     0  startup_stm32f407xx.o(.text)
    TIM6_DAC_IRQHandler                      0x08000243   Thumb Code     0  startup_stm32f407xx.o(.text)
    TIM7_IRQHandler                          0x08000243   Thumb Code     0  startup_stm32f407xx.o(.text)
    TIM8_BRK_TIM12_IRQHandler                0x08000243   Thumb Code     0  startup_stm32f407xx.o(.text)
    TIM8_CC_IRQHandler                       0x08000243   Thumb Code     0  startup_stm32f407xx.o(.text)
    TIM8_TRG_COM_TIM14_IRQHandler            0x08000243   Thumb Code     0  startup_stm32f407xx.o(.text)
    TIM8_UP_TIM13_IRQHandler                 0x08000243   Thumb Code     0  startup_stm32f407xx.o(.text)
    UART4_IRQHandler                         0x08000243   Thumb Code     0  startup_stm32f407xx.o(.text)
    UART5_IRQHandler                         0x08000243   Thumb Code     0  startup_stm32f407xx.o(.text)
    USART1_IRQHandler                        0x08000243   Thumb Code     0  startup_stm32f407xx.o(.text)
    USART2_IRQHandler                        0x08000243   Thumb Code     0  startup_stm32f407xx.o(.text)
    USART3_IRQHandler                        0x08000243   Thumb Code     0  startup_stm32f407xx.o(.text)
    USART6_IRQHandler                        0x08000243   Thumb Code     0  startup_stm32f407xx.o(.text)
    WWDG_IRQHandler                          0x08000243   Thumb Code     0  startup_stm32f407xx.o(.text)
    __user_initial_stackheap                 0x08000245   Thumb Code     0  startup_stm32f407xx.o(.text)
    __aeabi_uldivmod                         0x08000269   Thumb Code     0  lludivv7m.o(.text)
    _ll_udiv                                 0x08000269   Thumb Code   240  lludivv7m.o(.text)
    __use_two_region_memory                  0x08000359   Thumb Code     2  heapauxi.o(.text)
    __rt_heap_escrow$2region                 0x0800035b   Thumb Code     2  heapauxi.o(.text)
    __rt_heap_expand$2region                 0x0800035d   Thumb Code     2  heapauxi.o(.text)
    __user_setup_stackheap                   0x0800035f   Thumb Code    74  sys_stackheap_outer.o(.text)
    exit                                     0x080003a9   Thumb Code    18  exit.o(.text)
    __user_libspace                          0x080003bd   Thumb Code     8  libspace.o(.text)
    __user_perproc_libspace                  0x080003bd   Thumb Code     0  libspace.o(.text)
    __user_perthread_libspace                0x080003bd   Thumb Code     0  libspace.o(.text)
    _sys_exit                                0x080003c5   Thumb Code     8  sys_exit.o(.text)
    __I$use$semihosting                      0x080003d1   Thumb Code     0  use_no_semi.o(.text)
    __use_no_semihosting_swi                 0x080003d1   Thumb Code     2  use_no_semi.o(.text)
    __semihosting_library_function           0x080003d3   Thumb Code     0  indicate_semi.o(.text)
    BSP_PlatformIsDetected                   0x080003d5   Thumb Code    24  fatfs_platform.o(.text.BSP_PlatformIsDetected)
    BSP_SD_AbortCallback                     0x080003ed   Thumb Code     2  bsp_driver_sd.o(.text.BSP_SD_AbortCallback)
    BSP_SD_GetCardInfo                       0x080003f1   Thumb Code    14  bsp_driver_sd.o(.text.BSP_SD_GetCardInfo)
    BSP_SD_GetCardState                      0x08000401   Thumb Code    22  bsp_driver_sd.o(.text.BSP_SD_GetCardState)
    BSP_SD_Init                              0x08000419   Thumb Code    56  bsp_driver_sd.o(.text.BSP_SD_Init)
    BSP_SD_IsDetected                        0x08000451   Thumb Code    32  bsp_driver_sd.o(.text.BSP_SD_IsDetected)
    BSP_SD_ReadBlocks_DMA                    0x08000471   Thumb Code    28  bsp_driver_sd.o(.text.BSP_SD_ReadBlocks_DMA)
    BSP_SD_ReadCpltCallback                  0x0800048d   Thumb Code    14  sd_diskio.o(.text.BSP_SD_ReadCpltCallback)
    BSP_SD_WriteBlocks_DMA                   0x0800049d   Thumb Code    28  bsp_driver_sd.o(.text.BSP_SD_WriteBlocks_DMA)
    BSP_SD_WriteCpltCallback                 0x080004b9   Thumb Code    14  sd_diskio.o(.text.BSP_SD_WriteCpltCallback)
    BusFault_Handler                         0x080004c9   Thumb Code     2  stm32f4xx_it.o(.text.BusFault_Handler)
    DMA2_Stream3_IRQHandler                  0x080004cd   Thumb Code    12  stm32f4xx_it.o(.text.DMA2_Stream3_IRQHandler)
    DMA2_Stream6_IRQHandler                  0x080004d9   Thumb Code    12  stm32f4xx_it.o(.text.DMA2_Stream6_IRQHandler)
    DebugMon_Handler                         0x080004e5   Thumb Code     2  stm32f4xx_it.o(.text.DebugMon_Handler)
    Error_Handler                            0x080004e9   Thumb Code    10  main.o(.text.Error_Handler)
    FATFS_LinkDriver                         0x080004f5   Thumb Code    76  ff_gen_drv.o(.text.FATFS_LinkDriver)
    HAL_DMA_Abort_IT                         0x08000541   Thumb Code    36  stm32f4xx_hal_dma.o(.text.HAL_DMA_Abort_IT)
    HAL_DMA_GetError                         0x08000565   Thumb Code     4  stm32f4xx_hal_dma.o(.text.HAL_DMA_GetError)
    HAL_DMA_IRQHandler                       0x08000569   Thumb Code   448  stm32f4xx_hal_dma.o(.text.HAL_DMA_IRQHandler)
    HAL_DMA_Init                             0x08000729   Thumb Code   354  stm32f4xx_hal_dma.o(.text.HAL_DMA_Init)
    HAL_DMA_Start_IT                         0x0800088d   Thumb Code   158  stm32f4xx_hal_dma.o(.text.HAL_DMA_Start_IT)
    HAL_Delay                                0x0800092d   Thumb Code    40  stm32f4xx_hal.o(.text.HAL_Delay)
    HAL_GPIO_Init                            0x08000955   Thumb Code   422  stm32f4xx_hal_gpio.o(.text.HAL_GPIO_Init)
    HAL_GPIO_ReadPin                         0x08000afd   Thumb Code    10  stm32f4xx_hal_gpio.o(.text.HAL_GPIO_ReadPin)
    HAL_GPIO_WritePin                        0x08000b09   Thumb Code    10  stm32f4xx_hal_gpio.o(.text.HAL_GPIO_WritePin)
    HAL_GetTick                              0x08000b15   Thumb Code    12  stm32f4xx_hal.o(.text.HAL_GetTick)
    HAL_I2C_Init                             0x08000b21   Thumb Code   374  stm32f4xx_hal_i2c.o(.text.HAL_I2C_Init)
    HAL_I2C_MspInit                          0x08000c99   Thumb Code   106  i2c.o(.text.HAL_I2C_MspInit)
    HAL_IncTick                              0x08000d05   Thumb Code    26  stm32f4xx_hal.o(.text.HAL_IncTick)
    HAL_Init                                 0x08000d21   Thumb Code    54  stm32f4xx_hal.o(.text.HAL_Init)
    HAL_InitTick                             0x08000d59   Thumb Code    72  stm32f4xx_hal.o(.text.HAL_InitTick)
    HAL_MspInit                              0x08000da1   Thumb Code    56  stm32f4xx_hal_msp.o(.text.HAL_MspInit)
    HAL_NVIC_EnableIRQ                       0x08000dd9   Thumb Code    38  stm32f4xx_hal_cortex.o(.text.HAL_NVIC_EnableIRQ)
    HAL_NVIC_SetPriority                     0x08000e01   Thumb Code    86  stm32f4xx_hal_cortex.o(.text.HAL_NVIC_SetPriority)
    HAL_NVIC_SetPriorityGrouping             0x08000e59   Thumb Code    32  stm32f4xx_hal_cortex.o(.text.HAL_NVIC_SetPriorityGrouping)
    HAL_PCDEx_LPM_Callback                   0x08000e79   Thumb Code     2  stm32f4xx_hal_pcd_ex.o(.text.HAL_PCDEx_LPM_Callback)
    HAL_PCDEx_SetRxFiFo                      0x08000e7d   Thumb Code     8  stm32f4xx_hal_pcd_ex.o(.text.HAL_PCDEx_SetRxFiFo)
    HAL_PCDEx_SetTxFiFo                      0x08000e85   Thumb Code   234  stm32f4xx_hal_pcd_ex.o(.text.HAL_PCDEx_SetTxFiFo)
    HAL_PCD_ConnectCallback                  0x08000f71   Thumb Code     8  usbd_conf.o(.text.HAL_PCD_ConnectCallback)
    HAL_PCD_DataInStageCallback              0x08000f79   Thumb Code    20  usbd_conf.o(.text.HAL_PCD_DataInStageCallback)
    HAL_PCD_DataOutStageCallback             0x08000f8d   Thumb Code    22  usbd_conf.o(.text.HAL_PCD_DataOutStageCallback)
    HAL_PCD_DisconnectCallback               0x08000fa5   Thumb Code     8  usbd_conf.o(.text.HAL_PCD_DisconnectCallback)
    HAL_PCD_EP_Close                         0x08000fad   Thumb Code    80  stm32f4xx_hal_pcd.o(.text.HAL_PCD_EP_Close)
    HAL_PCD_EP_ClrStall                      0x08000ffd   Thumb Code   104  stm32f4xx_hal_pcd.o(.text.HAL_PCD_EP_ClrStall)
    HAL_PCD_EP_Flush                         0x08001065   Thumb Code    60  stm32f4xx_hal_pcd.o(.text.HAL_PCD_EP_Flush)
    HAL_PCD_EP_GetRxCount                    0x080010a1   Thumb Code    18  stm32f4xx_hal_pcd.o(.text.HAL_PCD_EP_GetRxCount)
    HAL_PCD_EP_Open                          0x080010b5   Thumb Code   104  stm32f4xx_hal_pcd.o(.text.HAL_PCD_EP_Open)
    HAL_PCD_EP_Receive                       0x0800111d   Thumb Code    76  stm32f4xx_hal_pcd.o(.text.HAL_PCD_EP_Receive)
    HAL_PCD_EP_SetStall                      0x08001169   Thumb Code   124  stm32f4xx_hal_pcd.o(.text.HAL_PCD_EP_SetStall)
    HAL_PCD_EP_Transmit                      0x080011e5   Thumb Code    68  stm32f4xx_hal_pcd.o(.text.HAL_PCD_EP_Transmit)
    HAL_PCD_IRQHandler                       0x08001229   Thumb Code  2342  stm32f4xx_hal_pcd.o(.text.HAL_PCD_IRQHandler)
    HAL_PCD_ISOINIncompleteCallback          0x08001b51   Thumb Code     8  usbd_conf.o(.text.HAL_PCD_ISOINIncompleteCallback)
    HAL_PCD_ISOOUTIncompleteCallback         0x08001b59   Thumb Code     8  usbd_conf.o(.text.HAL_PCD_ISOOUTIncompleteCallback)
    HAL_PCD_Init                             0x08001b61   Thumb Code   318  stm32f4xx_hal_pcd.o(.text.HAL_PCD_Init)
    HAL_PCD_MspInit                          0x08001ca1   Thumb Code   126  usbd_conf.o(.text.HAL_PCD_MspInit)
    HAL_PCD_ResetCallback                    0x08001d21   Thumb Code    42  usbd_conf.o(.text.HAL_PCD_ResetCallback)
    HAL_PCD_ResumeCallback                   0x08001d4d   Thumb Code     8  usbd_conf.o(.text.HAL_PCD_ResumeCallback)
    HAL_PCD_SOFCallback                      0x08001d55   Thumb Code     8  usbd_conf.o(.text.HAL_PCD_SOFCallback)
    HAL_PCD_SetAddress                       0x08001d5d   Thumb Code    40  stm32f4xx_hal_pcd.o(.text.HAL_PCD_SetAddress)
    HAL_PCD_SetupStageCallback               0x08001d85   Thumb Code    14  usbd_conf.o(.text.HAL_PCD_SetupStageCallback)
    HAL_PCD_Start                            0x08001d95   Thumb Code    62  stm32f4xx_hal_pcd.o(.text.HAL_PCD_Start)
    HAL_PCD_SuspendCallback                  0x08001dd5   Thumb Code    52  usbd_conf.o(.text.HAL_PCD_SuspendCallback)
    HAL_RCC_ClockConfig                      0x08001e09   Thumb Code   352  stm32f4xx_hal_rcc.o(.text.HAL_RCC_ClockConfig)
    HAL_RCC_GetHCLKFreq                      0x08001f69   Thumb Code    12  stm32f4xx_hal_rcc.o(.text.HAL_RCC_GetHCLKFreq)
    HAL_RCC_GetPCLK1Freq                     0x08001f75   Thumb Code    38  stm32f4xx_hal_rcc.o(.text.HAL_RCC_GetPCLK1Freq)
    HAL_RCC_GetSysClockFreq                  0x08001f9d   Thumb Code   108  stm32f4xx_hal_rcc.o(.text.HAL_RCC_GetSysClockFreq)
    HAL_RCC_OscConfig                        0x08002009   Thumb Code   884  stm32f4xx_hal_rcc.o(.text.HAL_RCC_OscConfig)
    HAL_SD_AbortCallback                     0x0800237d   Thumb Code     4  bsp_driver_sd.o(.text.HAL_SD_AbortCallback)
    HAL_SD_ConfigWideBusOperation            0x08002381   Thumb Code   294  stm32f4xx_hal_sd.o(.text.HAL_SD_ConfigWideBusOperation)
    HAL_SD_ErrorCallback                     0x080024a9   Thumb Code     2  stm32f4xx_hal_sd.o(.text.HAL_SD_ErrorCallback)
    HAL_SD_GetCardCSD                        0x080024ad   Thumb Code   390  stm32f4xx_hal_sd.o(.text.HAL_SD_GetCardCSD)
    HAL_SD_GetCardInfo                       0x08002635   Thumb Code    36  stm32f4xx_hal_sd.o(.text.HAL_SD_GetCardInfo)
    HAL_SD_GetCardState                      0x08002659   Thumb Code    42  stm32f4xx_hal_sd.o(.text.HAL_SD_GetCardState)
    HAL_SD_IRQHandler                        0x08002685   Thumb Code   672  stm32f4xx_hal_sd.o(.text.HAL_SD_IRQHandler)
    HAL_SD_Init                              0x08002925   Thumb Code    64  stm32f4xx_hal_sd.o(.text.HAL_SD_Init)
    HAL_SD_InitCard                          0x08002965   Thumb Code   540  stm32f4xx_hal_sd.o(.text.HAL_SD_InitCard)
    HAL_SD_MspInit                           0x08002b81   Thumb Code   382  sdio.o(.text.HAL_SD_MspInit)
    HAL_SD_ReadBlocks_DMA                    0x08002d01   Thumb Code   314  stm32f4xx_hal_sd.o(.text.HAL_SD_ReadBlocks_DMA)
    HAL_SD_RxCpltCallback                    0x08002e3d   Thumb Code     4  bsp_driver_sd.o(.text.HAL_SD_RxCpltCallback)
    HAL_SD_TxCpltCallback                    0x08002e41   Thumb Code     4  bsp_driver_sd.o(.text.HAL_SD_TxCpltCallback)
    HAL_SD_WriteBlocks_DMA                   0x08002e45   Thumb Code   316  stm32f4xx_hal_sd.o(.text.HAL_SD_WriteBlocks_DMA)
    HAL_SPI_Init                             0x08002f81   Thumb Code   180  stm32f4xx_hal_spi.o(.text.HAL_SPI_Init)
    HAL_SPI_MspInit                          0x08003035   Thumb Code   268  spi.o(.text.HAL_SPI_MspInit)
    HAL_SYSTICK_Config                       0x08003141   Thumb Code    44  stm32f4xx_hal_cortex.o(.text.HAL_SYSTICK_Config)
    HardFault_Handler                        0x0800316d   Thumb Code     2  stm32f4xx_it.o(.text.HardFault_Handler)
    MSC_BOT_CplClrFeature                    0x080031e9   Thumb Code   150  usbd_msc_bot.o(.text.MSC_BOT_CplClrFeature)
    MSC_BOT_DataIn                           0x08003281   Thumb Code   168  usbd_msc_bot.o(.text.MSC_BOT_DataIn)
    MSC_BOT_DataOut                          0x08003329   Thumb Code   410  usbd_msc_bot.o(.text.MSC_BOT_DataOut)
    MSC_BOT_DeInit                           0x080034c5   Thumb Code    22  usbd_msc_bot.o(.text.MSC_BOT_DeInit)
    MSC_BOT_Init                             0x080034dd   Thumb Code    98  usbd_msc_bot.o(.text.MSC_BOT_Init)
    MSC_BOT_Reset                            0x08003541   Thumb Code    80  usbd_msc_bot.o(.text.MSC_BOT_Reset)
    MSC_BOT_SendCSW                          0x08003591   Thumb Code    90  usbd_msc_bot.o(.text.MSC_BOT_SendCSW)
    MX_DMA_Init                              0x08003639   Thumb Code    72  dma.o(.text.MX_DMA_Init)
    MX_FATFS_Init                            0x08003681   Thumb Code    28  fatfs.o(.text.MX_FATFS_Init)
    MX_GPIO_Init                             0x0800369d   Thumb Code   200  gpio.o(.text.MX_GPIO_Init)
    MX_I2C1_Init                             0x08003765   Thumb Code    66  i2c.o(.text.MX_I2C1_Init)
    MX_SDIO_SD_Init                          0x080037a9   Thumb Code    38  sdio.o(.text.MX_SDIO_SD_Init)
    MX_SPI1_Init                             0x080037d1   Thumb Code    70  spi.o(.text.MX_SPI1_Init)
    MX_SPI2_Init                             0x08003819   Thumb Code    70  spi.o(.text.MX_SPI2_Init)
    MX_SPI3_Init                             0x08003861   Thumb Code    70  spi.o(.text.MX_SPI3_Init)
    MX_USB_DEVICE_Init                       0x080038a9   Thumb Code   114  usb_device.o(.text.MX_USB_DEVICE_Init)
    MemManage_Handler                        0x0800391d   Thumb Code     2  stm32f4xx_it.o(.text.MemManage_Handler)
    NMI_Handler                              0x08003921   Thumb Code     2  stm32f4xx_it.o(.text.NMI_Handler)
    OTG_FS_IRQHandler                        0x08003925   Thumb Code    12  stm32f4xx_it.o(.text.OTG_FS_IRQHandler)
    PendSV_Handler                           0x08003931   Thumb Code     2  stm32f4xx_it.o(.text.PendSV_Handler)
    SCSI_ProcessCmd                          0x0800398d   Thumb Code  2406  usbd_msc_scsi.o(.text.SCSI_ProcessCmd)
    SCSI_SenseCode                           0x080044a1   Thumb Code    64  usbd_msc_scsi.o(.text.SCSI_SenseCode)
    SDIO_ConfigData                          0x080044e1   Thumb Code    38  stm32f4xx_ll_sdmmc.o(.text.SDIO_ConfigData)
    SDIO_GetPowerState                       0x08004509   Thumb Code     8  stm32f4xx_ll_sdmmc.o(.text.SDIO_GetPowerState)
    SDIO_GetResponse                         0x08004511   Thumb Code     6  stm32f4xx_ll_sdmmc.o(.text.SDIO_GetResponse)
    SDIO_IRQHandler                          0x08004519   Thumb Code    12  stm32f4xx_it.o(.text.SDIO_IRQHandler)
    SDIO_Init                                0x08004525   Thumb Code    44  stm32f4xx_ll_sdmmc.o(.text.SDIO_Init)
    SDIO_PowerState_ON                       0x08004551   Thumb Code    10  stm32f4xx_ll_sdmmc.o(.text.SDIO_PowerState_ON)
    SDIO_ReadFIFO                            0x0800455d   Thumb Code     6  stm32f4xx_ll_sdmmc.o(.text.SDIO_ReadFIFO)
    SDIO_WriteFIFO                           0x08004565   Thumb Code    12  stm32f4xx_ll_sdmmc.o(.text.SDIO_WriteFIFO)
    SDMMC_CmdAppCommand                      0x08004571   Thumb Code    24  stm32f4xx_ll_sdmmc.o(.text.SDMMC_CmdAppCommand)
    SDMMC_CmdAppOperCommand                  0x08004589   Thumb Code   144  stm32f4xx_ll_sdmmc.o(.text.SDMMC_CmdAppOperCommand)
    SDMMC_CmdBlockLength                     0x08004619   Thumb Code    24  stm32f4xx_ll_sdmmc.o(.text.SDMMC_CmdBlockLength)
    SDMMC_CmdBusWidth                        0x08004631   Thumb Code    24  stm32f4xx_ll_sdmmc.o(.text.SDMMC_CmdBusWidth)
    SDMMC_CmdGoIdleState                     0x08004649   Thumb Code    96  stm32f4xx_ll_sdmmc.o(.text.SDMMC_CmdGoIdleState)
    SDMMC_CmdOperCond                        0x080046a9   Thumb Code   166  stm32f4xx_ll_sdmmc.o(.text.SDMMC_CmdOperCond)
    SDMMC_CmdReadMultiBlock                  0x08004751   Thumb Code    24  stm32f4xx_ll_sdmmc.o(.text.SDMMC_CmdReadMultiBlock)
    SDMMC_CmdReadSingleBlock                 0x08004769   Thumb Code    24  stm32f4xx_ll_sdmmc.o(.text.SDMMC_CmdReadSingleBlock)
    SDMMC_CmdSelDesel                        0x08004781   Thumb Code    24  stm32f4xx_ll_sdmmc.o(.text.SDMMC_CmdSelDesel)
    SDMMC_CmdSendCID                         0x08004799   Thumb Code   156  stm32f4xx_ll_sdmmc.o(.text.SDMMC_CmdSendCID)
    SDMMC_CmdSendCSD                         0x08004835   Thumb Code   156  stm32f4xx_ll_sdmmc.o(.text.SDMMC_CmdSendCSD)
    SDMMC_CmdSendSCR                         0x080048d1   Thumb Code    26  stm32f4xx_ll_sdmmc.o(.text.SDMMC_CmdSendSCR)
    SDMMC_CmdSendStatus                      0x080048ed   Thumb Code    24  stm32f4xx_ll_sdmmc.o(.text.SDMMC_CmdSendStatus)
    SDMMC_CmdSetRelAdd                       0x08004905   Thumb Code   204  stm32f4xx_ll_sdmmc.o(.text.SDMMC_CmdSetRelAdd)
    SDMMC_CmdStopTransfer                    0x080049d1   Thumb Code    30  stm32f4xx_ll_sdmmc.o(.text.SDMMC_CmdStopTransfer)
    SDMMC_CmdWriteMultiBlock                 0x080049f1   Thumb Code    24  stm32f4xx_ll_sdmmc.o(.text.SDMMC_CmdWriteMultiBlock)
    SDMMC_CmdWriteSingleBlock                0x08004a09   Thumb Code    24  stm32f4xx_ll_sdmmc.o(.text.SDMMC_CmdWriteSingleBlock)
    SDMMC_GetCmdResp1                        0x08004a21   Thumb Code   358  stm32f4xx_ll_sdmmc.o(.text.SDMMC_GetCmdResp1)
    SD_initialize                            0x08004e05   Thumb Code    56  sd_diskio.o(.text.SD_initialize)
    SD_ioctl                                 0x08004e3d   Thumb Code    98  sd_diskio.o(.text.SD_ioctl)
    SD_read                                  0x08004ea1   Thumb Code   140  sd_diskio.o(.text.SD_read)
    SD_status                                0x08004f2d   Thumb Code    36  sd_diskio.o(.text.SD_status)
    SD_write                                 0x08004f51   Thumb Code   150  sd_diskio.o(.text.SD_write)
    SVC_Handler                              0x08005011   Thumb Code     2  stm32f4xx_it.o(.text.SVC_Handler)
    SysTick_Handler                          0x08005015   Thumb Code     4  stm32f4xx_it.o(.text.SysTick_Handler)
    SystemClock_Config                       0x08005019   Thumb Code   176  main.o(.text.SystemClock_Config)
    SystemInit                               0x080050c9   Thumb Code    18  system_stm32f4xx.o(.text.SystemInit)
    USBD_ClrClassConfig                      0x080050dd   Thumb Code    18  usbd_core.o(.text.USBD_ClrClassConfig)
    USBD_CoreFindEP                          0x080050f1   Thumb Code     4  usbd_core.o(.text.USBD_CoreFindEP)
    USBD_CoreFindIF                          0x080050f5   Thumb Code     4  usbd_core.o(.text.USBD_CoreFindIF)
    USBD_CtlContinueRx                       0x080050f9   Thumb Code    16  usbd_ioreq.o(.text.USBD_CtlContinueRx)
    USBD_CtlContinueSendData                 0x08005109   Thumb Code    16  usbd_ioreq.o(.text.USBD_CtlContinueSendData)
    USBD_CtlError                            0x08005119   Thumb Code    22  usbd_ctlreq.o(.text.USBD_CtlError)
    USBD_CtlReceiveStatus                    0x08005131   Thumb Code    22  usbd_ioreq.o(.text.USBD_CtlReceiveStatus)
    USBD_CtlSendData                         0x08005149   Thumb Code    26  usbd_ioreq.o(.text.USBD_CtlSendData)
    USBD_CtlSendStatus                       0x08005165   Thumb Code    22  usbd_ioreq.o(.text.USBD_CtlSendStatus)
    USBD_FS_ConfigStrDescriptor              0x0800517d   Thumb Code    24  usbd_desc.o(.text.USBD_FS_ConfigStrDescriptor)
    USBD_FS_DeviceDescriptor                 0x080051a1   Thumb Code    14  usbd_desc.o(.text.USBD_FS_DeviceDescriptor)
    USBD_FS_InterfaceStrDescriptor           0x080051b1   Thumb Code    24  usbd_desc.o(.text.USBD_FS_InterfaceStrDescriptor)
    USBD_FS_LangIDStrDescriptor              0x080051d9   Thumb Code    14  usbd_desc.o(.text.USBD_FS_LangIDStrDescriptor)
    USBD_FS_ManufacturerStrDescriptor        0x080051e9   Thumb Code    24  usbd_desc.o(.text.USBD_FS_ManufacturerStrDescriptor)
    USBD_FS_ProductStrDescriptor             0x08005215   Thumb Code    24  usbd_desc.o(.text.USBD_FS_ProductStrDescriptor)
    USBD_FS_SerialStrDescriptor              0x08005241   Thumb Code   364  usbd_desc.o(.text.USBD_FS_SerialStrDescriptor)
    USBD_GetEpDesc                           0x080053ad   Thumb Code   128  usbd_core.o(.text.USBD_GetEpDesc)
    USBD_GetString                           0x0800542d   Thumb Code   218  usbd_ctlreq.o(.text.USBD_GetString)
    USBD_Init                                0x08005509   Thumb Code    42  usbd_core.o(.text.USBD_Init)
    USBD_LL_ClearStallEP                     0x08005535   Thumb Code    34  usbd_conf.o(.text.USBD_LL_ClearStallEP)
    USBD_LL_CloseEP                          0x08005559   Thumb Code    34  usbd_conf.o(.text.USBD_LL_CloseEP)
    USBD_LL_DataInStage                      0x0800557d   Thumb Code   182  usbd_core.o(.text.USBD_LL_DataInStage)
    USBD_LL_DataOutStage                     0x08005635   Thumb Code   120  usbd_core.o(.text.USBD_LL_DataOutStage)
    USBD_LL_DevConnected                     0x080056ad   Thumb Code     4  usbd_core.o(.text.USBD_LL_DevConnected)
    USBD_LL_DevDisconnected                  0x080056b1   Thumb Code    32  usbd_core.o(.text.USBD_LL_DevDisconnected)
    USBD_LL_FlushEP                          0x080056d1   Thumb Code    34  usbd_conf.o(.text.USBD_LL_FlushEP)
    USBD_LL_GetRxDataSize                    0x080056f5   Thumb Code     8  usbd_conf.o(.text.USBD_LL_GetRxDataSize)
    USBD_LL_Init                             0x080056fd   Thumb Code   112  usbd_conf.o(.text.USBD_LL_Init)
    USBD_LL_IsStallEP                        0x0800576d   Thumb Code    34  usbd_conf.o(.text.USBD_LL_IsStallEP)
    USBD_LL_IsoINIncomplete                  0x08005791   Thumb Code    40  usbd_core.o(.text.USBD_LL_IsoINIncomplete)
    USBD_LL_IsoOUTIncomplete                 0x080057b9   Thumb Code    40  usbd_core.o(.text.USBD_LL_IsoOUTIncomplete)
    USBD_LL_OpenEP                           0x080057e1   Thumb Code    40  usbd_conf.o(.text.USBD_LL_OpenEP)
    USBD_LL_PrepareReceive                   0x08005809   Thumb Code    34  usbd_conf.o(.text.USBD_LL_PrepareReceive)
    USBD_LL_Reset                            0x0800582d   Thumb Code   102  usbd_core.o(.text.USBD_LL_Reset)
    USBD_LL_Resume                           0x08005895   Thumb Code    20  usbd_core.o(.text.USBD_LL_Resume)
    USBD_LL_SOF                              0x080058a9   Thumb Code    28  usbd_core.o(.text.USBD_LL_SOF)
    USBD_LL_SetSpeed                         0x080058c5   Thumb Code     8  usbd_core.o(.text.USBD_LL_SetSpeed)
    USBD_LL_SetUSBAddress                    0x080058cd   Thumb Code    34  usbd_conf.o(.text.USBD_LL_SetUSBAddress)
    USBD_LL_SetupStage                       0x080058f1   Thumb Code    98  usbd_core.o(.text.USBD_LL_SetupStage)
    USBD_LL_StallEP                          0x08005955   Thumb Code    34  usbd_conf.o(.text.USBD_LL_StallEP)
    USBD_LL_Start                            0x08005979   Thumb Code    34  usbd_conf.o(.text.USBD_LL_Start)
    USBD_LL_Suspend                          0x0800599d   Thumb Code    20  usbd_core.o(.text.USBD_LL_Suspend)
    USBD_LL_Transmit                         0x080059b1   Thumb Code    34  usbd_conf.o(.text.USBD_LL_Transmit)
    USBD_MSC_DataIn                          0x080059d5   Thumb Code    10  usbd_msc.o(.text.USBD_MSC_DataIn)
    USBD_MSC_DataOut                         0x080059e1   Thumb Code    10  usbd_msc.o(.text.USBD_MSC_DataOut)
    USBD_MSC_DeInit                          0x080059ed   Thumb Code   116  usbd_msc.o(.text.USBD_MSC_DeInit)
    USBD_MSC_GetDeviceQualifierDescriptor    0x08005a61   Thumb Code    16  usbd_msc.o(.text.USBD_MSC_GetDeviceQualifierDescriptor)
    USBD_MSC_GetFSCfgDesc                    0x08005a71   Thumb Code    60  usbd_msc.o(.text.USBD_MSC_GetFSCfgDesc)
    USBD_MSC_GetHSCfgDesc                    0x08005aad   Thumb Code    64  usbd_msc.o(.text.USBD_MSC_GetHSCfgDesc)
    USBD_MSC_GetOtherSpeedCfgDesc            0x08005aed   Thumb Code    60  usbd_msc.o(.text.USBD_MSC_GetOtherSpeedCfgDesc)
    USBD_MSC_Init                            0x08005b29   Thumb Code   138  usbd_msc.o(.text.USBD_MSC_Init)
    USBD_MSC_RegisterStorage                 0x08005bb5   Thumb Code    24  usbd_msc.o(.text.USBD_MSC_RegisterStorage)
    USBD_MSC_Setup                           0x08005bcd   Thumb Code   254  usbd_msc.o(.text.USBD_MSC_Setup)
    USBD_ParseSetupRequest                   0x08005ccd   Thumb Code    22  usbd_ctlreq.o(.text.USBD_ParseSetupRequest)
    USBD_RegisterClass                       0x08005ce5   Thumb Code    66  usbd_core.o(.text.USBD_RegisterClass)
    USBD_SetClassConfig                      0x08005d29   Thumb Code    16  usbd_core.o(.text.USBD_SetClassConfig)
    USBD_Start                               0x08005d39   Thumb Code     4  usbd_core.o(.text.USBD_Start)
    USBD_StdDevReq                           0x08005d3d   Thumb Code   884  usbd_ctlreq.o(.text.USBD_StdDevReq)
    USBD_StdEPReq                            0x080060b1   Thumb Code   370  usbd_ctlreq.o(.text.USBD_StdEPReq)
    USBD_StdItfReq                           0x08006225   Thumb Code   148  usbd_ctlreq.o(.text.USBD_StdItfReq)
    USBD_static_free                         0x080062b9   Thumb Code     2  usbd_conf.o(.text.USBD_static_free)
    USBD_static_malloc                       0x080062bd   Thumb Code    10  usbd_conf.o(.text.USBD_static_malloc)
    USB_ActivateEndpoint                     0x080062c9   Thumb Code   130  stm32f4xx_ll_usb.o(.text.USB_ActivateEndpoint)
    USB_ActivateSetup                        0x0800634d   Thumb Code    32  stm32f4xx_ll_usb.o(.text.USB_ActivateSetup)
    USB_CoreInit                             0x0800636d   Thumb Code   478  stm32f4xx_ll_usb.o(.text.USB_CoreInit)
    USB_DeactivateEndpoint                   0x0800654d   Thumb Code   134  stm32f4xx_ll_usb.o(.text.USB_DeactivateEndpoint)
    USB_DevConnect                           0x080065d5   Thumb Code    30  stm32f4xx_ll_usb.o(.text.USB_DevConnect)
    USB_DevDisconnect                        0x080065f5   Thumb Code    30  stm32f4xx_ll_usb.o(.text.USB_DevDisconnect)
    USB_DevInit                              0x08006615   Thumb Code  1170  stm32f4xx_ll_usb.o(.text.USB_DevInit)
    USB_DisableGlobalInt                     0x08006aa9   Thumb Code    14  stm32f4xx_ll_usb.o(.text.USB_DisableGlobalInt)
    USB_EP0StartXfer                         0x08006ab9   Thumb Code   252  stm32f4xx_ll_usb.o(.text.USB_EP0StartXfer)
    USB_EP0_OutStart                         0x08006bb5   Thumb Code    90  stm32f4xx_ll_usb.o(.text.USB_EP0_OutStart)
    USB_EPClearStall                         0x08006c11   Thumb Code    82  stm32f4xx_ll_usb.o(.text.USB_EPClearStall)
    USB_EPSetStall                           0x08006c65   Thumb Code    62  stm32f4xx_ll_usb.o(.text.USB_EPSetStall)
    USB_EPStartXfer                          0x08006ca5   Thumb Code   494  stm32f4xx_ll_usb.o(.text.USB_EPStartXfer)
    USB_EPStopXfer                           0x08006e95   Thumb Code   270  stm32f4xx_ll_usb.o(.text.USB_EPStopXfer)
    USB_EnableGlobalInt                      0x08006fa5   Thumb Code    14  stm32f4xx_ll_usb.o(.text.USB_EnableGlobalInt)
    USB_FlushRxFifo                          0x08006fb5   Thumb Code   182  stm32f4xx_ll_usb.o(.text.USB_FlushRxFifo)
    USB_FlushTxFifo                          0x0800706d   Thumb Code   182  stm32f4xx_ll_usb.o(.text.USB_FlushTxFifo)
    USB_GetDevSpeed                          0x08007125   Thumb Code    26  stm32f4xx_ll_usb.o(.text.USB_GetDevSpeed)
    USB_GetMode                              0x08007141   Thumb Code     8  stm32f4xx_ll_usb.o(.text.USB_GetMode)
    USB_ReadDevAllInEpInterrupt              0x08007149   Thumb Code    14  stm32f4xx_ll_usb.o(.text.USB_ReadDevAllInEpInterrupt)
    USB_ReadDevAllOutEpInterrupt             0x08007159   Thumb Code    14  stm32f4xx_ll_usb.o(.text.USB_ReadDevAllOutEpInterrupt)
    USB_ReadDevInEPInterrupt                 0x08007169   Thumb Code    36  stm32f4xx_ll_usb.o(.text.USB_ReadDevInEPInterrupt)
    USB_ReadDevOutEPInterrupt                0x0800718d   Thumb Code    16  stm32f4xx_ll_usb.o(.text.USB_ReadDevOutEPInterrupt)
    USB_ReadInterrupts                       0x0800719d   Thumb Code     8  stm32f4xx_ll_usb.o(.text.USB_ReadInterrupts)
    USB_ReadPacket                           0x080071a5   Thumb Code   170  stm32f4xx_ll_usb.o(.text.USB_ReadPacket)
    USB_SetCurrentMode                       0x08007251   Thumb Code   100  stm32f4xx_ll_usb.o(.text.USB_SetCurrentMode)
    USB_SetDevAddress                        0x080072b5   Thumb Code    34  stm32f4xx_ll_usb.o(.text.USB_SetDevAddress)
    USB_SetTurnaroundTime                    0x080072d9   Thumb Code   288  stm32f4xx_ll_usb.o(.text.USB_SetTurnaroundTime)
    USB_WritePacket                          0x080073f9   Thumb Code   106  stm32f4xx_ll_usb.o(.text.USB_WritePacket)
    UsageFault_Handler                       0x08007465   Thumb Code     2  stm32f4xx_it.o(.text.UsageFault_Handler)
    main                                     0x08007469   Thumb Code    46  main.o(.text.main)
    _fp_init                                 0x08007497   Thumb Code    26  fpinit.o(x$fpl$fpinit)
    __fplib_config_fpu_vfp                   0x080074af   Thumb Code     0  fpinit.o(x$fpl$fpinit)
    __fplib_config_pureend_doubles           0x080074af   Thumb Code     0  fpinit.o(x$fpl$fpinit)
    AHBPrescTable                            0x080074b0   Data          16  system_stm32f4xx.o(.rodata.AHBPrescTable)
    APBPrescTable                            0x080074c0   Data           8  system_stm32f4xx.o(.rodata.APBPrescTable)
    SD_Driver                                0x080074c8   Data          20  sd_diskio.o(.rodata.SD_Driver)
    STORAGE_Inquirydata_FS                   0x080074dc   Data          36  usbd_storage_if.o(.rodata.STORAGE_Inquirydata_FS)
    Region$$Table$$Base                      0x08007508   Number         0  anon$$obj.o(Region$$Table)
    Region$$Table$$Limit                     0x08007528   Number         0  anon$$obj.o(Region$$Table)
    uwTickFreq                               0x20000000   Data           1  stm32f4xx_hal.o(.data..L_MergedGlobals)
    uwTickPrio                               0x20000004   Data           4  stm32f4xx_hal.o(.data..L_MergedGlobals)
    MSCInEpAdd                               0x20000008   Data           1  usbd_msc.o(.data..L_MergedGlobals)
    MSCOutEpAdd                              0x20000009   Data           1  usbd_msc.o(.data..L_MergedGlobals)
    FS_Desc                                  0x2000000c   Data          28  usbd_desc.o(.data.FS_Desc)
    MSC_Mode_Sense10_data                    0x20000028   Data          27  usbd_msc_data.o(.data.MSC_Mode_Sense10_data)
    MSC_Mode_Sense6_data                     0x20000043   Data          23  usbd_msc_data.o(.data.MSC_Mode_Sense6_data)
    MSC_Page00_Inquiry_Data                  0x2000005a   Data           6  usbd_msc_data.o(.data.MSC_Page00_Inquiry_Data)
    MSC_Page80_Inquiry_Data                  0x20000060   Data           8  usbd_msc_data.o(.data.MSC_Page80_Inquiry_Data)
    SystemCoreClock                          0x2000006c   Data           4  system_stm32f4xx.o(.data.SystemCoreClock)
    USBD_FS_DeviceDesc                       0x20000070   Data          18  usbd_desc.o(.data.USBD_FS_DeviceDesc)
    USBD_LangIDDesc                          0x20000084   Data           4  usbd_desc.o(.data.USBD_LangIDDesc)
    USBD_MSC                                 0x20000088   Data          56  usbd_msc.o(.data.USBD_MSC)
    USBD_Storage_Interface_fops_FS           0x200000ec   Data          32  usbd_storage_if.o(.data.USBD_Storage_Interface_fops_FS)
    USBD_StringSerial                        0x2000010c   Data          26  usbd_desc.o(.data.USBD_StringSerial)
    __libspace_start                         0x20000128   Data          96  libspace.o(.bss)
    __temporary_stack_top$libspace           0x20000188   Data           0  libspace.o(.bss)
    retSD                                    0x20000188   Data           1  fatfs.o(.bss..L_MergedGlobals)
    SDPath                                   0x20000189   Data           4  fatfs.o(.bss..L_MergedGlobals)
    USBD_StrDesc                             0x20000198   Data         512  usbd_desc.o(.bss.USBD_StrDesc)
    disk                                     0x20008414   Data          12  ff_gen_drv.o(.bss.disk)
    hUsbDeviceFS                             0x20008420   Data         732  usb_device.o(.bss.hUsbDeviceFS)
    hdma_sdio_rx                             0x200086fc   Data          96  sdio.o(.bss.hdma_sdio_rx)
    hdma_sdio_tx                             0x2000875c   Data          96  sdio.o(.bss.hdma_sdio_tx)
    hi2c1                                    0x200087bc   Data          84  i2c.o(.bss.hi2c1)
    hpcd_USB_OTG_FS                          0x20008810   Data        1292  usbd_conf.o(.bss.hpcd_USB_OTG_FS)
    hsd                                      0x20008d1c   Data         132  sdio.o(.bss.hsd)
    hspi1                                    0x20008da0   Data          88  spi.o(.bss.hspi1)
    hspi2                                    0x20008df8   Data          88  spi.o(.bss.hspi2)
    hspi3                                    0x20008e50   Data          88  spi.o(.bss.hspi3)
    uwTick                                   0x20008ea8   Data           4  stm32f4xx_hal.o(.bss.uwTick)



==============================================================================

Memory Map of the image

  Image Entry point : 0x08000189

  Load Region LR_IROM1 (Base: 0x08000000, Size: 0x00007650, Max: 0x00080000, ABSOLUTE)

    Execution Region ER_IROM1 (Exec base: 0x08000000, Load base: 0x08000000, Size: 0x00007528, Max: 0x00080000, ABSOLUTE)

    Exec Addr    Load Addr    Size         Type   Attr      Idx    E Section Name        Object

    0x08000000   0x08000000   0x00000188   Data   RO            3    RESET               startup_stm32f407xx.o
    0x08000188   0x08000188   0x00000008   Code   RO         1686  * !!!main             c_w.l(__main.o)
    0x08000190   0x08000190   0x00000034   Code   RO         1865    !!!scatter          c_w.l(__scatter.o)
    0x080001c4   0x080001c4   0x0000001a   Code   RO         1867    !!handler_copy      c_w.l(__scatter_copy.o)
    0x080001de   0x080001de   0x00000002   PAD
    0x080001e0   0x080001e0   0x0000001c   Code   RO         1869    !!handler_zi        c_w.l(__scatter_zi.o)
    0x080001fc   0x080001fc   0x00000002   Code   RO         1727    .ARM.Collect$$libinit$$00000000  c_w.l(libinit.o)
    0x080001fe   0x080001fe   0x00000004   Code   RO         1739    .ARM.Collect$$libinit$$00000001  c_w.l(libinit2.o)
    0x08000202   0x08000202   0x00000000   Code   RO         1742    .ARM.Collect$$libinit$$00000004  c_w.l(libinit2.o)
    0x08000202   0x08000202   0x00000000   Code   RO         1744    .ARM.Collect$$libinit$$00000006  c_w.l(libinit2.o)
    0x08000202   0x08000202   0x00000000   Code   RO         1747    .ARM.Collect$$libinit$$0000000C  c_w.l(libinit2.o)
    0x08000202   0x08000202   0x00000000   Code   RO         1749    .ARM.Collect$$libinit$$0000000E  c_w.l(libinit2.o)
    0x08000202   0x08000202   0x00000000   Code   RO         1751    .ARM.Collect$$libinit$$00000010  c_w.l(libinit2.o)
    0x08000202   0x08000202   0x00000000   Code   RO         1754    .ARM.Collect$$libinit$$00000013  c_w.l(libinit2.o)
    0x08000202   0x08000202   0x00000000   Code   RO         1756    .ARM.Collect$$libinit$$00000015  c_w.l(libinit2.o)
    0x08000202   0x08000202   0x00000000   Code   RO         1758    .ARM.Collect$$libinit$$00000017  c_w.l(libinit2.o)
    0x08000202   0x08000202   0x00000000   Code   RO         1760    .ARM.Collect$$libinit$$00000019  c_w.l(libinit2.o)
    0x08000202   0x08000202   0x00000000   Code   RO         1762    .ARM.Collect$$libinit$$0000001B  c_w.l(libinit2.o)
    0x08000202   0x08000202   0x00000000   Code   RO         1764    .ARM.Collect$$libinit$$0000001D  c_w.l(libinit2.o)
    0x08000202   0x08000202   0x00000000   Code   RO         1766    .ARM.Collect$$libinit$$0000001F  c_w.l(libinit2.o)
    0x08000202   0x08000202   0x00000000   Code   RO         1768    .ARM.Collect$$libinit$$00000021  c_w.l(libinit2.o)
    0x08000202   0x08000202   0x00000000   Code   RO         1770    .ARM.Collect$$libinit$$00000023  c_w.l(libinit2.o)
    0x08000202   0x08000202   0x00000000   Code   RO         1772    .ARM.Collect$$libinit$$00000025  c_w.l(libinit2.o)
    0x08000202   0x08000202   0x00000000   Code   RO         1774    .ARM.Collect$$libinit$$00000027  c_w.l(libinit2.o)
    0x08000202   0x08000202   0x00000000   Code   RO         1778    .ARM.Collect$$libinit$$0000002E  c_w.l(libinit2.o)
    0x08000202   0x08000202   0x00000000   Code   RO         1780    .ARM.Collect$$libinit$$00000030  c_w.l(libinit2.o)
    0x08000202   0x08000202   0x00000000   Code   RO         1782    .ARM.Collect$$libinit$$00000032  c_w.l(libinit2.o)
    0x08000202   0x08000202   0x00000000   Code   RO         1784    .ARM.Collect$$libinit$$00000034  c_w.l(libinit2.o)
    0x08000202   0x08000202   0x00000002   Code   RO         1785    .ARM.Collect$$libinit$$00000035  c_w.l(libinit2.o)
    0x08000204   0x08000204   0x00000002   Code   RO         1820    .ARM.Collect$$libshutdown$$00000000  c_w.l(libshutdown.o)
    0x08000206   0x08000206   0x00000000   Code   RO         1848    .ARM.Collect$$libshutdown$$00000002  c_w.l(libshutdown2.o)
    0x08000206   0x08000206   0x00000000   Code   RO         1850    .ARM.Collect$$libshutdown$$00000004  c_w.l(libshutdown2.o)
    0x08000206   0x08000206   0x00000000   Code   RO         1853    .ARM.Collect$$libshutdown$$00000007  c_w.l(libshutdown2.o)
    0x08000206   0x08000206   0x00000000   Code   RO         1856    .ARM.Collect$$libshutdown$$0000000A  c_w.l(libshutdown2.o)
    0x08000206   0x08000206   0x00000000   Code   RO         1858    .ARM.Collect$$libshutdown$$0000000C  c_w.l(libshutdown2.o)
    0x08000206   0x08000206   0x00000000   Code   RO         1861    .ARM.Collect$$libshutdown$$0000000F  c_w.l(libshutdown2.o)
    0x08000206   0x08000206   0x00000002   Code   RO         1862    .ARM.Collect$$libshutdown$$00000010  c_w.l(libshutdown2.o)
    0x08000208   0x08000208   0x00000000   Code   RO         1688    .ARM.Collect$$rtentry$$00000000  c_w.l(__rtentry.o)
    0x08000208   0x08000208   0x00000000   Code   RO         1698    .ARM.Collect$$rtentry$$00000002  c_w.l(__rtentry2.o)
    0x08000208   0x08000208   0x00000006   Code   RO         1710    .ARM.Collect$$rtentry$$00000004  c_w.l(__rtentry4.o)
    0x0800020e   0x0800020e   0x00000000   Code   RO         1700    .ARM.Collect$$rtentry$$00000009  c_w.l(__rtentry2.o)
    0x0800020e   0x0800020e   0x00000004   Code   RO         1701    .ARM.Collect$$rtentry$$0000000A  c_w.l(__rtentry2.o)
    0x08000212   0x08000212   0x00000000   Code   RO         1703    .ARM.Collect$$rtentry$$0000000C  c_w.l(__rtentry2.o)
    0x08000212   0x08000212   0x00000008   Code   RO         1704    .ARM.Collect$$rtentry$$0000000D  c_w.l(__rtentry2.o)
    0x0800021a   0x0800021a   0x00000002   Code   RO         1731    .ARM.Collect$$rtexit$$00000000  c_w.l(rtexit.o)
    0x0800021c   0x0800021c   0x00000000   Code   RO         1791    .ARM.Collect$$rtexit$$00000002  c_w.l(rtexit2.o)
    0x0800021c   0x0800021c   0x00000004   Code   RO         1792    .ARM.Collect$$rtexit$$00000003  c_w.l(rtexit2.o)
    0x08000220   0x08000220   0x00000006   Code   RO         1793    .ARM.Collect$$rtexit$$00000004  c_w.l(rtexit2.o)
    0x08000226   0x08000226   0x00000002   PAD
    0x08000228   0x08000228   0x00000040   Code   RO            4    .text               startup_stm32f407xx.o
    0x08000268   0x08000268   0x000000f0   Code   RO         1678    .text               c_w.l(lludivv7m.o)
    0x08000358   0x08000358   0x00000006   Code   RO         1684    .text               c_w.l(heapauxi.o)
    0x0800035e   0x0800035e   0x0000004a   Code   RO         1714    .text               c_w.l(sys_stackheap_outer.o)
    0x080003a8   0x080003a8   0x00000012   Code   RO         1716    .text               c_w.l(exit.o)
    0x080003ba   0x080003ba   0x00000002   PAD
    0x080003bc   0x080003bc   0x00000008   Code   RO         1728    .text               c_w.l(libspace.o)
    0x080003c4   0x080003c4   0x0000000c   Code   RO         1786    .text               c_w.l(sys_exit.o)
    0x080003d0   0x080003d0   0x00000002   Code   RO         1809    .text               c_w.l(use_no_semi.o)
    0x080003d2   0x080003d2   0x00000000   Code   RO         1811    .text               c_w.l(indicate_semi.o)
    0x080003d2   0x080003d2   0x00000002   PAD
    0x080003d4   0x080003d4   0x00000018   Code   RO          205    .text.BSP_PlatformIsDetected  fatfs_platform.o
    0x080003ec   0x080003ec   0x00000002   Code   RO          161    .text.BSP_SD_AbortCallback  bsp_driver_sd.o
    0x080003ee   0x080003ee   0x00000002   PAD
    0x080003f0   0x080003f0   0x0000000e   Code   RO          157    .text.BSP_SD_GetCardInfo  bsp_driver_sd.o
    0x080003fe   0x080003fe   0x00000002   PAD
    0x08000400   0x08000400   0x00000016   Code   RO          155    .text.BSP_SD_GetCardState  bsp_driver_sd.o
    0x08000416   0x08000416   0x00000002   PAD
    0x08000418   0x08000418   0x00000038   Code   RO          137    .text.BSP_SD_Init   bsp_driver_sd.o
    0x08000450   0x08000450   0x00000020   Code   RO          139    .text.BSP_SD_IsDetected  bsp_driver_sd.o
    0x08000470   0x08000470   0x0000001c   Code   RO          149    .text.BSP_SD_ReadBlocks_DMA  bsp_driver_sd.o
    0x0800048c   0x0800048c   0x0000000e   Code   RO          191    .text.BSP_SD_ReadCpltCallback  sd_diskio.o
    0x0800049a   0x0800049a   0x00000002   PAD
    0x0800049c   0x0800049c   0x0000001c   Code   RO          151    .text.BSP_SD_WriteBlocks_DMA  bsp_driver_sd.o
    0x080004b8   0x080004b8   0x0000000e   Code   RO          189    .text.BSP_SD_WriteCpltCallback  sd_diskio.o
    0x080004c6   0x080004c6   0x00000002   PAD
    0x080004c8   0x080004c8   0x00000002   Code   RO          102    .text.BusFault_Handler  stm32f4xx_it.o
    0x080004ca   0x080004ca   0x00000002   PAD
    0x080004cc   0x080004cc   0x0000000c   Code   RO          116    .text.DMA2_Stream3_IRQHandler  stm32f4xx_it.o
    0x080004d8   0x080004d8   0x0000000c   Code   RO          120    .text.DMA2_Stream6_IRQHandler  stm32f4xx_it.o
    0x080004e4   0x080004e4   0x00000002   Code   RO          108    .text.DebugMon_Handler  stm32f4xx_it.o
    0x080004e6   0x080004e6   0x00000002   PAD
    0x080004e8   0x080004e8   0x0000000a   Code   RO           15    .text.Error_Handler  main.o
    0x080004f2   0x080004f2   0x00000002   PAD
    0x080004f4   0x080004f4   0x0000004c   Code   RO         1475    .text.FATFS_LinkDriver  ff_gen_drv.o
    0x08000540   0x08000540   0x00000024   Code   RO          716    .text.HAL_DMA_Abort_IT  stm32f4xx_hal_dma.o
    0x08000564   0x08000564   0x00000004   Code   RO          728    .text.HAL_DMA_GetError  stm32f4xx_hal_dma.o
    0x08000568   0x08000568   0x000001c0   Code   RO          720    .text.HAL_DMA_IRQHandler  stm32f4xx_hal_dma.o
    0x08000728   0x08000728   0x00000162   Code   RO          706    .text.HAL_DMA_Init  stm32f4xx_hal_dma.o
    0x0800088a   0x0800088a   0x00000002   PAD
    0x0800088c   0x0800088c   0x0000009e   Code   RO          712    .text.HAL_DMA_Start_IT  stm32f4xx_hal_dma.o
    0x0800092a   0x0800092a   0x00000002   PAD
    0x0800092c   0x0800092c   0x00000028   Code   RO          867    .text.HAL_Delay     stm32f4xx_hal.o
    0x08000954   0x08000954   0x000001a6   Code   RO          668    .text.HAL_GPIO_Init  stm32f4xx_hal_gpio.o
    0x08000afa   0x08000afa   0x00000002   PAD
    0x08000afc   0x08000afc   0x0000000a   Code   RO          672    .text.HAL_GPIO_ReadPin  stm32f4xx_hal_gpio.o
    0x08000b06   0x08000b06   0x00000002   PAD
    0x08000b08   0x08000b08   0x0000000a   Code   RO          674    .text.HAL_GPIO_WritePin  stm32f4xx_hal_gpio.o
    0x08000b12   0x08000b12   0x00000002   PAD
    0x08000b14   0x08000b14   0x0000000c   Code   RO          859    .text.HAL_GetTick   stm32f4xx_hal.o
    0x08000b20   0x08000b20   0x00000176   Code   RO          937    .text.HAL_I2C_Init  stm32f4xx_hal_i2c.o
    0x08000c96   0x08000c96   0x00000002   PAD
    0x08000c98   0x08000c98   0x0000006a   Code   RO           45    .text.HAL_I2C_MspInit  i2c.o
    0x08000d02   0x08000d02   0x00000002   PAD
    0x08000d04   0x08000d04   0x0000001a   Code   RO          857    .text.HAL_IncTick   stm32f4xx_hal.o
    0x08000d1e   0x08000d1e   0x00000002   PAD
    0x08000d20   0x08000d20   0x00000036   Code   RO          847    .text.HAL_Init      stm32f4xx_hal.o
    0x08000d56   0x08000d56   0x00000002   PAD
    0x08000d58   0x08000d58   0x00000048   Code   RO          849    .text.HAL_InitTick  stm32f4xx_hal.o
    0x08000da0   0x08000da0   0x00000038   Code   RO          129    .text.HAL_MspInit   stm32f4xx_hal_msp.o
    0x08000dd8   0x08000dd8   0x00000026   Code   RO          805    .text.HAL_NVIC_EnableIRQ  stm32f4xx_hal_cortex.o
    0x08000dfe   0x08000dfe   0x00000002   PAD
    0x08000e00   0x08000e00   0x00000056   Code   RO          803    .text.HAL_NVIC_SetPriority  stm32f4xx_hal_cortex.o
    0x08000e56   0x08000e56   0x00000002   PAD
    0x08000e58   0x08000e58   0x00000020   Code   RO          801    .text.HAL_NVIC_SetPriorityGrouping  stm32f4xx_hal_cortex.o
    0x08000e78   0x08000e78   0x00000002   Code   RO          442    .text.HAL_PCDEx_LPM_Callback  stm32f4xx_hal_pcd_ex.o
    0x08000e7a   0x08000e7a   0x00000002   PAD
    0x08000e7c   0x08000e7c   0x00000008   Code   RO          440    .text.HAL_PCDEx_SetRxFiFo  stm32f4xx_hal_pcd_ex.o
    0x08000e84   0x08000e84   0x000000ea   Code   RO          438    .text.HAL_PCDEx_SetTxFiFo  stm32f4xx_hal_pcd_ex.o
    0x08000f6e   0x08000f6e   0x00000002   PAD
    0x08000f70   0x08000f70   0x00000008   Code   RO          310    .text.HAL_PCD_ConnectCallback  usbd_conf.o
    0x08000f78   0x08000f78   0x00000014   Code   RO          296    .text.HAL_PCD_DataInStageCallback  usbd_conf.o
    0x08000f8c   0x08000f8c   0x00000016   Code   RO          294    .text.HAL_PCD_DataOutStageCallback  usbd_conf.o
    0x08000fa2   0x08000fa2   0x00000002   PAD
    0x08000fa4   0x08000fa4   0x00000008   Code   RO          312    .text.HAL_PCD_DisconnectCallback  usbd_conf.o
    0x08000fac   0x08000fac   0x00000050   Code   RO          408    .text.HAL_PCD_EP_Close  stm32f4xx_hal_pcd.o
    0x08000ffc   0x08000ffc   0x00000068   Code   RO          418    .text.HAL_PCD_EP_ClrStall  stm32f4xx_hal_pcd.o
    0x08001064   0x08001064   0x0000003c   Code   RO          420    .text.HAL_PCD_EP_Flush  stm32f4xx_hal_pcd.o
    0x080010a0   0x080010a0   0x00000012   Code   RO          412    .text.HAL_PCD_EP_GetRxCount  stm32f4xx_hal_pcd.o
    0x080010b2   0x080010b2   0x00000002   PAD
    0x080010b4   0x080010b4   0x00000068   Code   RO          406    .text.HAL_PCD_EP_Open  stm32f4xx_hal_pcd.o
    0x0800111c   0x0800111c   0x0000004c   Code   RO          410    .text.HAL_PCD_EP_Receive  stm32f4xx_hal_pcd.o
    0x08001168   0x08001168   0x0000007c   Code   RO          416    .text.HAL_PCD_EP_SetStall  stm32f4xx_hal_pcd.o
    0x080011e4   0x080011e4   0x00000044   Code   RO          414    .text.HAL_PCD_EP_Transmit  stm32f4xx_hal_pcd.o
    0x08001228   0x08001228   0x00000926   Code   RO          372    .text.HAL_PCD_IRQHandler  stm32f4xx_hal_pcd.o
    0x08001b4e   0x08001b4e   0x00000002   PAD
    0x08001b50   0x08001b50   0x00000008   Code   RO          308    .text.HAL_PCD_ISOINIncompleteCallback  usbd_conf.o
    0x08001b58   0x08001b58   0x00000008   Code   RO          306    .text.HAL_PCD_ISOOUTIncompleteCallback  usbd_conf.o
    0x08001b60   0x08001b60   0x0000013e   Code   RO          360    .text.HAL_PCD_Init  stm32f4xx_hal_pcd.o
    0x08001c9e   0x08001c9e   0x00000002   PAD
    0x08001ca0   0x08001ca0   0x0000007e   Code   RO          288    .text.HAL_PCD_MspInit  usbd_conf.o
    0x08001d1e   0x08001d1e   0x00000002   PAD
    0x08001d20   0x08001d20   0x0000002a   Code   RO          300    .text.HAL_PCD_ResetCallback  usbd_conf.o
    0x08001d4a   0x08001d4a   0x00000002   PAD
    0x08001d4c   0x08001d4c   0x00000008   Code   RO          304    .text.HAL_PCD_ResumeCallback  usbd_conf.o
    0x08001d54   0x08001d54   0x00000008   Code   RO          298    .text.HAL_PCD_SOFCallback  usbd_conf.o
    0x08001d5c   0x08001d5c   0x00000028   Code   RO          404    .text.HAL_PCD_SetAddress  stm32f4xx_hal_pcd.o
    0x08001d84   0x08001d84   0x0000000e   Code   RO          292    .text.HAL_PCD_SetupStageCallback  usbd_conf.o
    0x08001d92   0x08001d92   0x00000002   PAD
    0x08001d94   0x08001d94   0x0000003e   Code   RO          368    .text.HAL_PCD_Start  stm32f4xx_hal_pcd.o
    0x08001dd2   0x08001dd2   0x00000002   PAD
    0x08001dd4   0x08001dd4   0x00000034   Code   RO          302    .text.HAL_PCD_SuspendCallback  usbd_conf.o
    0x08001e08   0x08001e08   0x00000160   Code   RO          562    .text.HAL_RCC_ClockConfig  stm32f4xx_hal_rcc.o
    0x08001f68   0x08001f68   0x0000000c   Code   RO          572    .text.HAL_RCC_GetHCLKFreq  stm32f4xx_hal_rcc.o
    0x08001f74   0x08001f74   0x00000026   Code   RO          574    .text.HAL_RCC_GetPCLK1Freq  stm32f4xx_hal_rcc.o
    0x08001f9a   0x08001f9a   0x00000002   PAD
    0x08001f9c   0x08001f9c   0x0000006c   Code   RO          564    .text.HAL_RCC_GetSysClockFreq  stm32f4xx_hal_rcc.o
    0x08002008   0x08002008   0x00000374   Code   RO          560    .text.HAL_RCC_OscConfig  stm32f4xx_hal_rcc.o
    0x0800237c   0x0800237c   0x00000004   Code   RO          159    .text.HAL_SD_AbortCallback  bsp_driver_sd.o
    0x08002380   0x08002380   0x00000126   Code   RO         1226    .text.HAL_SD_ConfigWideBusOperation  stm32f4xx_hal_sd.o
    0x080024a6   0x080024a6   0x00000002   PAD
    0x080024a8   0x080024a8   0x00000002   Code   RO         1202    .text.HAL_SD_ErrorCallback  stm32f4xx_hal_sd.o
    0x080024aa   0x080024aa   0x00000002   PAD
    0x080024ac   0x080024ac   0x00000186   Code   RO         1220    .text.HAL_SD_GetCardCSD  stm32f4xx_hal_sd.o
    0x08002632   0x08002632   0x00000002   PAD
    0x08002634   0x08002634   0x00000024   Code   RO         1224    .text.HAL_SD_GetCardInfo  stm32f4xx_hal_sd.o
    0x08002658   0x08002658   0x0000002a   Code   RO         1228    .text.HAL_SD_GetCardState  stm32f4xx_hal_sd.o
    0x08002682   0x08002682   0x00000002   PAD
    0x08002684   0x08002684   0x000002a0   Code   RO         1200    .text.HAL_SD_IRQHandler  stm32f4xx_hal_sd.o
    0x08002924   0x08002924   0x00000040   Code   RO         1170    .text.HAL_SD_Init   stm32f4xx_hal_sd.o
    0x08002964   0x08002964   0x0000021c   Code   RO         1174    .text.HAL_SD_InitCard  stm32f4xx_hal_sd.o
    0x08002b80   0x08002b80   0x0000017e   Code   RO           60    .text.HAL_SD_MspInit  sdio.o
    0x08002cfe   0x08002cfe   0x00000002   PAD
    0x08002d00   0x08002d00   0x0000013a   Code   RO         1188    .text.HAL_SD_ReadBlocks_DMA  stm32f4xx_hal_sd.o
    0x08002e3a   0x08002e3a   0x00000002   PAD
    0x08002e3c   0x08002e3c   0x00000004   Code   RO          167    .text.HAL_SD_RxCpltCallback  bsp_driver_sd.o
    0x08002e40   0x08002e40   0x00000004   Code   RO          163    .text.HAL_SD_TxCpltCallback  bsp_driver_sd.o
    0x08002e44   0x08002e44   0x0000013c   Code   RO         1194    .text.HAL_SD_WriteBlocks_DMA  stm32f4xx_hal_sd.o
    0x08002f80   0x08002f80   0x000000b4   Code   RO         1244    .text.HAL_SPI_Init  stm32f4xx_hal_spi.o
    0x08003034   0x08003034   0x0000010c   Code   RO           81    .text.HAL_SPI_MspInit  spi.o
    0x08003140   0x08003140   0x0000002c   Code   RO          813    .text.HAL_SYSTICK_Config  stm32f4xx_hal_cortex.o
    0x0800316c   0x0800316c   0x00000002   Code   RO           98    .text.HardFault_Handler  stm32f4xx_it.o
    0x0800316e   0x0800316e   0x00000002   PAD
    0x08003170   0x08003170   0x00000076   Code   RO         1638    .text.MSC_BOT_Abort  usbd_msc_bot.o
    0x080031e6   0x080031e6   0x00000002   PAD
    0x080031e8   0x080031e8   0x00000096   Code   RO         1636    .text.MSC_BOT_CplClrFeature  usbd_msc_bot.o
    0x0800327e   0x0800327e   0x00000002   PAD
    0x08003280   0x08003280   0x000000a8   Code   RO         1630    .text.MSC_BOT_DataIn  usbd_msc_bot.o
    0x08003328   0x08003328   0x0000019a   Code   RO         1634    .text.MSC_BOT_DataOut  usbd_msc_bot.o
    0x080034c2   0x080034c2   0x00000002   PAD
    0x080034c4   0x080034c4   0x00000016   Code   RO         1628    .text.MSC_BOT_DeInit  usbd_msc_bot.o
    0x080034da   0x080034da   0x00000002   PAD
    0x080034dc   0x080034dc   0x00000062   Code   RO         1624    .text.MSC_BOT_Init  usbd_msc_bot.o
    0x0800353e   0x0800353e   0x00000002   PAD
    0x08003540   0x08003540   0x00000050   Code   RO         1626    .text.MSC_BOT_Reset  usbd_msc_bot.o
    0x08003590   0x08003590   0x0000005a   Code   RO         1632    .text.MSC_BOT_SendCSW  usbd_msc_bot.o
    0x080035ea   0x080035ea   0x00000002   PAD
    0x080035ec   0x080035ec   0x0000004c   Code   RO         1640    .text.MSC_BOT_SendData  usbd_msc_bot.o
    0x08003638   0x08003638   0x00000048   Code   RO           34    .text.MX_DMA_Init   dma.o
    0x08003680   0x08003680   0x0000001c   Code   RO          214    .text.MX_FATFS_Init  fatfs.o
    0x0800369c   0x0800369c   0x000000c8   Code   RO           25    .text.MX_GPIO_Init  gpio.o
    0x08003764   0x08003764   0x00000042   Code   RO           43    .text.MX_I2C1_Init  i2c.o
    0x080037a6   0x080037a6   0x00000002   PAD
    0x080037a8   0x080037a8   0x00000026   Code   RO           58    .text.MX_SDIO_SD_Init  sdio.o
    0x080037ce   0x080037ce   0x00000002   PAD
    0x080037d0   0x080037d0   0x00000046   Code   RO           75    .text.MX_SPI1_Init  spi.o
    0x08003816   0x08003816   0x00000002   PAD
    0x08003818   0x08003818   0x00000046   Code   RO           77    .text.MX_SPI2_Init  spi.o
    0x0800385e   0x0800385e   0x00000002   PAD
    0x08003860   0x08003860   0x00000046   Code   RO           79    .text.MX_SPI3_Init  spi.o
    0x080038a6   0x080038a6   0x00000002   PAD
    0x080038a8   0x080038a8   0x00000072   Code   RO          228    .text.MX_USB_DEVICE_Init  usb_device.o
    0x0800391a   0x0800391a   0x00000002   PAD
    0x0800391c   0x0800391c   0x00000002   Code   RO          100    .text.MemManage_Handler  stm32f4xx_it.o
    0x0800391e   0x0800391e   0x00000002   PAD
    0x08003920   0x08003920   0x00000002   Code   RO           96    .text.NMI_Handler   stm32f4xx_it.o
    0x08003922   0x08003922   0x00000002   PAD
    0x08003924   0x08003924   0x0000000c   Code   RO          118    .text.OTG_FS_IRQHandler  stm32f4xx_it.o
    0x08003930   0x08003930   0x00000002   Code   RO          110    .text.PendSV_Handler  stm32f4xx_it.o
    0x08003932   0x08003932   0x00000002   PAD
    0x08003934   0x08003934   0x00000056   Code   RO         1663    .text.SCSI_CheckAddressRange  usbd_msc_scsi.o
    0x0800398a   0x0800398a   0x00000002   PAD
    0x0800398c   0x0800398c   0x00000966   Code   RO         1659    .text.SCSI_ProcessCmd  usbd_msc_scsi.o
    0x080042f2   0x080042f2   0x00000002   PAD
    0x080042f4   0x080042f4   0x000000d0   Code   RO         1665    .text.SCSI_ProcessRead  usbd_msc_scsi.o
    0x080043c4   0x080043c4   0x000000dc   Code   RO         1667    .text.SCSI_ProcessWrite  usbd_msc_scsi.o
    0x080044a0   0x080044a0   0x00000040   Code   RO         1661    .text.SCSI_SenseCode  usbd_msc_scsi.o
    0x080044e0   0x080044e0   0x00000026   Code   RO         1090    .text.SDIO_ConfigData  stm32f4xx_ll_sdmmc.o
    0x08004506   0x08004506   0x00000002   PAD
    0x08004508   0x08004508   0x00000008   Code   RO         1082    .text.SDIO_GetPowerState  stm32f4xx_ll_sdmmc.o
    0x08004510   0x08004510   0x00000006   Code   RO         1088    .text.SDIO_GetResponse  stm32f4xx_ll_sdmmc.o
    0x08004516   0x08004516   0x00000002   PAD
    0x08004518   0x08004518   0x0000000c   Code   RO          114    .text.SDIO_IRQHandler  stm32f4xx_it.o
    0x08004524   0x08004524   0x0000002c   Code   RO         1072    .text.SDIO_Init     stm32f4xx_ll_sdmmc.o
    0x08004550   0x08004550   0x0000000a   Code   RO         1078    .text.SDIO_PowerState_ON  stm32f4xx_ll_sdmmc.o
    0x0800455a   0x0800455a   0x00000002   PAD
    0x0800455c   0x0800455c   0x00000006   Code   RO         1074    .text.SDIO_ReadFIFO  stm32f4xx_ll_sdmmc.o
    0x08004562   0x08004562   0x00000002   PAD
    0x08004564   0x08004564   0x0000000c   Code   RO         1076    .text.SDIO_WriteFIFO  stm32f4xx_ll_sdmmc.o
    0x08004570   0x08004570   0x00000018   Code   RO         1130    .text.SDMMC_CmdAppCommand  stm32f4xx_ll_sdmmc.o
    0x08004588   0x08004588   0x00000090   Code   RO         1132    .text.SDMMC_CmdAppOperCommand  stm32f4xx_ll_sdmmc.o
    0x08004618   0x08004618   0x00000018   Code   RO         1098    .text.SDMMC_CmdBlockLength  stm32f4xx_ll_sdmmc.o
    0x08004630   0x08004630   0x00000018   Code   RO         1136    .text.SDMMC_CmdBusWidth  stm32f4xx_ll_sdmmc.o
    0x08004648   0x08004648   0x00000060   Code   RO         1124    .text.SDMMC_CmdGoIdleState  stm32f4xx_ll_sdmmc.o
    0x080046a8   0x080046a8   0x000000a6   Code   RO         1126    .text.SDMMC_CmdOperCond  stm32f4xx_ll_sdmmc.o
    0x0800474e   0x0800474e   0x00000002   PAD
    0x08004750   0x08004750   0x00000018   Code   RO         1104    .text.SDMMC_CmdReadMultiBlock  stm32f4xx_ll_sdmmc.o
    0x08004768   0x08004768   0x00000018   Code   RO         1102    .text.SDMMC_CmdReadSingleBlock  stm32f4xx_ll_sdmmc.o
    0x08004780   0x08004780   0x00000018   Code   RO         1122    .text.SDMMC_CmdSelDesel  stm32f4xx_ll_sdmmc.o
    0x08004798   0x08004798   0x0000009c   Code   RO         1140    .text.SDMMC_CmdSendCID  stm32f4xx_ll_sdmmc.o
    0x08004834   0x08004834   0x0000009c   Code   RO         1144    .text.SDMMC_CmdSendCSD  stm32f4xx_ll_sdmmc.o
    0x080048d0   0x080048d0   0x0000001a   Code   RO         1138    .text.SDMMC_CmdSendSCR  stm32f4xx_ll_sdmmc.o
    0x080048ea   0x080048ea   0x00000002   PAD
    0x080048ec   0x080048ec   0x00000018   Code   RO         1152    .text.SDMMC_CmdSendStatus  stm32f4xx_ll_sdmmc.o
    0x08004904   0x08004904   0x000000cc   Code   RO         1146    .text.SDMMC_CmdSetRelAdd  stm32f4xx_ll_sdmmc.o
    0x080049d0   0x080049d0   0x0000001e   Code   RO         1120    .text.SDMMC_CmdStopTransfer  stm32f4xx_ll_sdmmc.o
    0x080049ee   0x080049ee   0x00000002   PAD
    0x080049f0   0x080049f0   0x00000018   Code   RO         1108    .text.SDMMC_CmdWriteMultiBlock  stm32f4xx_ll_sdmmc.o
    0x08004a08   0x08004a08   0x00000018   Code   RO         1106    .text.SDMMC_CmdWriteSingleBlock  stm32f4xx_ll_sdmmc.o
    0x08004a20   0x08004a20   0x00000166   Code   RO         1100    .text.SDMMC_GetCmdResp1  stm32f4xx_ll_sdmmc.o
    0x08004b86   0x08004b86   0x00000002   PAD
    0x08004b88   0x08004b88   0x00000076   Code   RO         1192    .text.SD_DMAError   stm32f4xx_hal_sd.o
    0x08004bfe   0x08004bfe   0x00000002   PAD
    0x08004c00   0x08004c00   0x00000042   Code   RO         1190    .text.SD_DMAReceiveCplt  stm32f4xx_hal_sd.o
    0x08004c42   0x08004c42   0x00000002   PAD
    0x08004c44   0x08004c44   0x0000006a   Code   RO         1210    .text.SD_DMARxAbort  stm32f4xx_hal_sd.o
    0x08004cae   0x08004cae   0x00000002   PAD
    0x08004cb0   0x08004cb0   0x0000000e   Code   RO         1196    .text.SD_DMATransmitCplt  stm32f4xx_hal_sd.o
    0x08004cbe   0x08004cbe   0x00000002   PAD
    0x08004cc0   0x08004cc0   0x0000006a   Code   RO         1208    .text.SD_DMATxAbort  stm32f4xx_hal_sd.o
    0x08004d2a   0x08004d2a   0x00000002   PAD
    0x08004d2c   0x08004d2c   0x000000d6   Code   RO         1234    .text.SD_FindSCR    stm32f4xx_hal_sd.o
    0x08004e02   0x08004e02   0x00000002   PAD
    0x08004e04   0x08004e04   0x00000038   Code   RO          179    .text.SD_initialize  sd_diskio.o
    0x08004e3c   0x08004e3c   0x00000062   Code   RO          187    .text.SD_ioctl      sd_diskio.o
    0x08004e9e   0x08004e9e   0x00000002   PAD
    0x08004ea0   0x08004ea0   0x0000008c   Code   RO          183    .text.SD_read       sd_diskio.o
    0x08004f2c   0x08004f2c   0x00000024   Code   RO          181    .text.SD_status     sd_diskio.o
    0x08004f50   0x08004f50   0x00000096   Code   RO          185    .text.SD_write      sd_diskio.o
    0x08004fe6   0x08004fe6   0x00000002   PAD
    0x08004fe8   0x08004fe8   0x00000010   Code   RO          266    .text.STORAGE_GetCapacity_FS  usbd_storage_if.o
    0x08004ff8   0x08004ff8   0x00000004   Code   RO          276    .text.STORAGE_GetMaxLun_FS  usbd_storage_if.o
    0x08004ffc   0x08004ffc   0x00000004   Code   RO          264    .text.STORAGE_Init_FS  usbd_storage_if.o
    0x08005000   0x08005000   0x00000004   Code   RO          268    .text.STORAGE_IsReady_FS  usbd_storage_if.o
    0x08005004   0x08005004   0x00000004   Code   RO          270    .text.STORAGE_IsWriteProtected_FS  usbd_storage_if.o
    0x08005008   0x08005008   0x00000004   Code   RO          272    .text.STORAGE_Read_FS  usbd_storage_if.o
    0x0800500c   0x0800500c   0x00000004   Code   RO          274    .text.STORAGE_Write_FS  usbd_storage_if.o
    0x08005010   0x08005010   0x00000002   Code   RO          106    .text.SVC_Handler   stm32f4xx_it.o
    0x08005012   0x08005012   0x00000002   PAD
    0x08005014   0x08005014   0x00000004   Code   RO          112    .text.SysTick_Handler  stm32f4xx_it.o
    0x08005018   0x08005018   0x000000b0   Code   RO           13    .text.SystemClock_Config  main.o
    0x080050c8   0x080050c8   0x00000012   Code   RO         1360    .text.SystemInit    system_stm32f4xx.o
    0x080050da   0x080050da   0x00000002   PAD
    0x080050dc   0x080050dc   0x00000012   Code   RO         1507    .text.USBD_ClrClassConfig  usbd_core.o
    0x080050ee   0x080050ee   0x00000002   PAD
    0x080050f0   0x080050f0   0x00000004   Code   RO         1515    .text.USBD_CoreFindEP  usbd_core.o
    0x080050f4   0x080050f4   0x00000004   Code   RO         1513    .text.USBD_CoreFindIF  usbd_core.o
    0x080050f8   0x080050f8   0x00000010   Code   RO         1576    .text.USBD_CtlContinueRx  usbd_ioreq.o
    0x08005108   0x08005108   0x00000010   Code   RO         1572    .text.USBD_CtlContinueSendData  usbd_ioreq.o
    0x08005118   0x08005118   0x00000016   Code   RO         1551    .text.USBD_CtlError  usbd_ctlreq.o
    0x0800512e   0x0800512e   0x00000002   PAD
    0x08005130   0x08005130   0x00000016   Code   RO         1580    .text.USBD_CtlReceiveStatus  usbd_ioreq.o
    0x08005146   0x08005146   0x00000002   PAD
    0x08005148   0x08005148   0x0000001a   Code   RO         1570    .text.USBD_CtlSendData  usbd_ioreq.o
    0x08005162   0x08005162   0x00000002   PAD
    0x08005164   0x08005164   0x00000016   Code   RO         1578    .text.USBD_CtlSendStatus  usbd_ioreq.o
    0x0800517a   0x0800517a   0x00000002   PAD
    0x0800517c   0x0800517c   0x00000024   Code   RO          247    .text.USBD_FS_ConfigStrDescriptor  usbd_desc.o
    0x080051a0   0x080051a0   0x0000000e   Code   RO          237    .text.USBD_FS_DeviceDescriptor  usbd_desc.o
    0x080051ae   0x080051ae   0x00000002   PAD
    0x080051b0   0x080051b0   0x00000028   Code   RO          249    .text.USBD_FS_InterfaceStrDescriptor  usbd_desc.o
    0x080051d8   0x080051d8   0x0000000e   Code   RO          239    .text.USBD_FS_LangIDStrDescriptor  usbd_desc.o
    0x080051e6   0x080051e6   0x00000002   PAD
    0x080051e8   0x080051e8   0x0000002c   Code   RO          241    .text.USBD_FS_ManufacturerStrDescriptor  usbd_desc.o
    0x08005214   0x08005214   0x0000002c   Code   RO          243    .text.USBD_FS_ProductStrDescriptor  usbd_desc.o
    0x08005240   0x08005240   0x0000016c   Code   RO          245    .text.USBD_FS_SerialStrDescriptor  usbd_desc.o
    0x080053ac   0x080053ac   0x00000080   Code   RO         1537    .text.USBD_GetEpDesc  usbd_core.o
    0x0800542c   0x0800542c   0x000000da   Code   RO         1559    .text.USBD_GetString  usbd_ctlreq.o
    0x08005506   0x08005506   0x00000002   PAD
    0x08005508   0x08005508   0x0000002a   Code   RO         1493    .text.USBD_Init     usbd_core.o
    0x08005532   0x08005532   0x00000002   PAD
    0x08005534   0x08005534   0x00000022   Code   RO          332    .text.USBD_LL_ClearStallEP  usbd_conf.o
    0x08005556   0x08005556   0x00000002   PAD
    0x08005558   0x08005558   0x00000022   Code   RO          326    .text.USBD_LL_CloseEP  usbd_conf.o
    0x0800557a   0x0800557a   0x00000002   PAD
    0x0800557c   0x0800557c   0x000000b6   Code   RO         1517    .text.USBD_LL_DataInStage  usbd_core.o
    0x08005632   0x08005632   0x00000002   PAD
    0x08005634   0x08005634   0x00000078   Code   RO         1511    .text.USBD_LL_DataOutStage  usbd_core.o
    0x080056ac   0x080056ac   0x00000004   Code   RO         1533    .text.USBD_LL_DevConnected  usbd_core.o
    0x080056b0   0x080056b0   0x00000020   Code   RO         1535    .text.USBD_LL_DevDisconnected  usbd_core.o
    0x080056d0   0x080056d0   0x00000022   Code   RO          328    .text.USBD_LL_FlushEP  usbd_conf.o
    0x080056f2   0x080056f2   0x00000002   PAD
    0x080056f4   0x080056f4   0x00000008   Code   RO          342    .text.USBD_LL_GetRxDataSize  usbd_conf.o
    0x080056fc   0x080056fc   0x00000070   Code   RO          314    .text.USBD_LL_Init  usbd_conf.o
    0x0800576c   0x0800576c   0x00000022   Code   RO          334    .text.USBD_LL_IsStallEP  usbd_conf.o
    0x0800578e   0x0800578e   0x00000002   PAD
    0x08005790   0x08005790   0x00000028   Code   RO         1529    .text.USBD_LL_IsoINIncomplete  usbd_core.o
    0x080057b8   0x080057b8   0x00000028   Code   RO         1531    .text.USBD_LL_IsoOUTIncomplete  usbd_core.o
    0x080057e0   0x080057e0   0x00000028   Code   RO          324    .text.USBD_LL_OpenEP  usbd_conf.o
    0x08005808   0x08005808   0x00000022   Code   RO          340    .text.USBD_LL_PrepareReceive  usbd_conf.o
    0x0800582a   0x0800582a   0x00000002   PAD
    0x0800582c   0x0800582c   0x00000066   Code   RO         1519    .text.USBD_LL_Reset  usbd_core.o
    0x08005892   0x08005892   0x00000002   PAD
    0x08005894   0x08005894   0x00000014   Code   RO         1525    .text.USBD_LL_Resume  usbd_core.o
    0x080058a8   0x080058a8   0x0000001c   Code   RO         1527    .text.USBD_LL_SOF   usbd_core.o
    0x080058c4   0x080058c4   0x00000008   Code   RO         1521    .text.USBD_LL_SetSpeed  usbd_core.o
    0x080058cc   0x080058cc   0x00000022   Code   RO          336    .text.USBD_LL_SetUSBAddress  usbd_conf.o
    0x080058ee   0x080058ee   0x00000002   PAD
    0x080058f0   0x080058f0   0x00000062   Code   RO         1509    .text.USBD_LL_SetupStage  usbd_core.o
    0x08005952   0x08005952   0x00000002   PAD
    0x08005954   0x08005954   0x00000022   Code   RO          330    .text.USBD_LL_StallEP  usbd_conf.o
    0x08005976   0x08005976   0x00000002   PAD
    0x08005978   0x08005978   0x00000022   Code   RO          320    .text.USBD_LL_Start  usbd_conf.o
    0x0800599a   0x0800599a   0x00000002   PAD
    0x0800599c   0x0800599c   0x00000014   Code   RO         1523    .text.USBD_LL_Suspend  usbd_core.o
    0x080059b0   0x080059b0   0x00000022   Code   RO          338    .text.USBD_LL_Transmit  usbd_conf.o
    0x080059d2   0x080059d2   0x00000002   PAD
    0x080059d4   0x080059d4   0x0000000a   Code   RO         1598    .text.USBD_MSC_DataIn  usbd_msc.o
    0x080059de   0x080059de   0x00000002   PAD
    0x080059e0   0x080059e0   0x0000000a   Code   RO         1600    .text.USBD_MSC_DataOut  usbd_msc.o
    0x080059ea   0x080059ea   0x00000002   PAD
    0x080059ec   0x080059ec   0x00000074   Code   RO         1594    .text.USBD_MSC_DeInit  usbd_msc.o
    0x08005a60   0x08005a60   0x00000010   Code   RO         1608    .text.USBD_MSC_GetDeviceQualifierDescriptor  usbd_msc.o
    0x08005a70   0x08005a70   0x0000003c   Code   RO         1604    .text.USBD_MSC_GetFSCfgDesc  usbd_msc.o
    0x08005aac   0x08005aac   0x00000040   Code   RO         1602    .text.USBD_MSC_GetHSCfgDesc  usbd_msc.o
    0x08005aec   0x08005aec   0x0000003c   Code   RO         1606    .text.USBD_MSC_GetOtherSpeedCfgDesc  usbd_msc.o
    0x08005b28   0x08005b28   0x0000008a   Code   RO         1592    .text.USBD_MSC_Init  usbd_msc.o
    0x08005bb2   0x08005bb2   0x00000002   PAD
    0x08005bb4   0x08005bb4   0x00000018   Code   RO         1610    .text.USBD_MSC_RegisterStorage  usbd_msc.o
    0x08005bcc   0x08005bcc   0x000000fe   Code   RO         1596    .text.USBD_MSC_Setup  usbd_msc.o
    0x08005cca   0x08005cca   0x00000002   PAD
    0x08005ccc   0x08005ccc   0x00000016   Code   RO         1557    .text.USBD_ParseSetupRequest  usbd_ctlreq.o
    0x08005ce2   0x08005ce2   0x00000002   PAD
    0x08005ce4   0x08005ce4   0x00000042   Code   RO         1497    .text.USBD_RegisterClass  usbd_core.o
    0x08005d26   0x08005d26   0x00000002   PAD
    0x08005d28   0x08005d28   0x00000010   Code   RO         1505    .text.USBD_SetClassConfig  usbd_core.o
    0x08005d38   0x08005d38   0x00000004   Code   RO         1499    .text.USBD_Start    usbd_core.o
    0x08005d3c   0x08005d3c   0x00000374   Code   RO         1549    .text.USBD_StdDevReq  usbd_ctlreq.o
    0x080060b0   0x080060b0   0x00000172   Code   RO         1555    .text.USBD_StdEPReq  usbd_ctlreq.o
    0x08006222   0x08006222   0x00000002   PAD
    0x08006224   0x08006224   0x00000094   Code   RO         1553    .text.USBD_StdItfReq  usbd_ctlreq.o
    0x080062b8   0x080062b8   0x00000002   Code   RO          346    .text.USBD_static_free  usbd_conf.o
    0x080062ba   0x080062ba   0x00000002   PAD
    0x080062bc   0x080062bc   0x0000000a   Code   RO          344    .text.USBD_static_malloc  usbd_conf.o
    0x080062c6   0x080062c6   0x00000002   PAD
    0x080062c8   0x080062c8   0x00000082   Code   RO          476    .text.USB_ActivateEndpoint  stm32f4xx_ll_usb.o
    0x0800634a   0x0800634a   0x00000002   PAD
    0x0800634c   0x0800634c   0x00000020   Code   RO          518    .text.USB_ActivateSetup  stm32f4xx_ll_usb.o
    0x0800636c   0x0800636c   0x000001de   Code   RO          454    .text.USB_CoreInit  stm32f4xx_ll_usb.o
    0x0800654a   0x0800654a   0x00000002   PAD
    0x0800654c   0x0800654c   0x00000086   Code   RO          480    .text.USB_DeactivateEndpoint  stm32f4xx_ll_usb.o
    0x080065d2   0x080065d2   0x00000002   PAD
    0x080065d4   0x080065d4   0x0000001e   Code   RO          502    .text.USB_DevConnect  stm32f4xx_ll_usb.o
    0x080065f2   0x080065f2   0x00000002   PAD
    0x080065f4   0x080065f4   0x0000001e   Code   RO          504    .text.USB_DevDisconnect  stm32f4xx_ll_usb.o
    0x08006612   0x08006612   0x00000002   PAD
    0x08006614   0x08006614   0x00000492   Code   RO          466    .text.USB_DevInit   stm32f4xx_ll_usb.o
    0x08006aa6   0x08006aa6   0x00000002   PAD
    0x08006aa8   0x08006aa8   0x0000000e   Code   RO          460    .text.USB_DisableGlobalInt  stm32f4xx_ll_usb.o
    0x08006ab6   0x08006ab6   0x00000002   PAD
    0x08006ab8   0x08006ab8   0x000000fc   Code   RO          488    .text.USB_EP0StartXfer  stm32f4xx_ll_usb.o
    0x08006bb4   0x08006bb4   0x0000005a   Code   RO          520    .text.USB_EP0_OutStart  stm32f4xx_ll_usb.o
    0x08006c0e   0x08006c0e   0x00000002   PAD
    0x08006c10   0x08006c10   0x00000052   Code   RO          496    .text.USB_EPClearStall  stm32f4xx_ll_usb.o
    0x08006c62   0x08006c62   0x00000002   PAD
    0x08006c64   0x08006c64   0x0000003e   Code   RO          494    .text.USB_EPSetStall  stm32f4xx_ll_usb.o
    0x08006ca2   0x08006ca2   0x00000002   PAD
    0x08006ca4   0x08006ca4   0x000001ee   Code   RO          484    .text.USB_EPStartXfer  stm32f4xx_ll_usb.o
    0x08006e92   0x08006e92   0x00000002   PAD
    0x08006e94   0x08006e94   0x0000010e   Code   RO          490    .text.USB_EPStopXfer  stm32f4xx_ll_usb.o
    0x08006fa2   0x08006fa2   0x00000002   PAD
    0x08006fa4   0x08006fa4   0x0000000e   Code   RO          458    .text.USB_EnableGlobalInt  stm32f4xx_ll_usb.o
    0x08006fb2   0x08006fb2   0x00000002   PAD
    0x08006fb4   0x08006fb4   0x000000b6   Code   RO          472    .text.USB_FlushRxFifo  stm32f4xx_ll_usb.o
    0x0800706a   0x0800706a   0x00000002   PAD
    0x0800706c   0x0800706c   0x000000b6   Code   RO          470    .text.USB_FlushTxFifo  stm32f4xx_ll_usb.o
    0x08007122   0x08007122   0x00000002   PAD
    0x08007124   0x08007124   0x0000001a   Code   RO          474    .text.USB_GetDevSpeed  stm32f4xx_ll_usb.o
    0x0800713e   0x0800713e   0x00000002   PAD
    0x08007140   0x08007140   0x00000008   Code   RO          464    .text.USB_GetMode   stm32f4xx_ll_usb.o
    0x08007148   0x08007148   0x0000000e   Code   RO          510    .text.USB_ReadDevAllInEpInterrupt  stm32f4xx_ll_usb.o
    0x08007156   0x08007156   0x00000002   PAD
    0x08007158   0x08007158   0x0000000e   Code   RO          508    .text.USB_ReadDevAllOutEpInterrupt  stm32f4xx_ll_usb.o
    0x08007166   0x08007166   0x00000002   PAD
    0x08007168   0x08007168   0x00000024   Code   RO          514    .text.USB_ReadDevInEPInterrupt  stm32f4xx_ll_usb.o
    0x0800718c   0x0800718c   0x00000010   Code   RO          512    .text.USB_ReadDevOutEPInterrupt  stm32f4xx_ll_usb.o
    0x0800719c   0x0800719c   0x00000008   Code   RO          506    .text.USB_ReadInterrupts  stm32f4xx_ll_usb.o
    0x080071a4   0x080071a4   0x000000aa   Code   RO          492    .text.USB_ReadPacket  stm32f4xx_ll_usb.o
    0x0800724e   0x0800724e   0x00000002   PAD
    0x08007250   0x08007250   0x00000064   Code   RO          462    .text.USB_SetCurrentMode  stm32f4xx_ll_usb.o
    0x080072b4   0x080072b4   0x00000022   Code   RO          500    .text.USB_SetDevAddress  stm32f4xx_ll_usb.o
    0x080072d6   0x080072d6   0x00000002   PAD
    0x080072d8   0x080072d8   0x00000120   Code   RO          456    .text.USB_SetTurnaroundTime  stm32f4xx_ll_usb.o
    0x080073f8   0x080073f8   0x0000006a   Code   RO          486    .text.USB_WritePacket  stm32f4xx_ll_usb.o
    0x08007462   0x08007462   0x00000002   PAD
    0x08007464   0x08007464   0x00000002   Code   RO          104    .text.UsageFault_Handler  stm32f4xx_it.o
    0x08007466   0x08007466   0x00000002   PAD
    0x08007468   0x08007468   0x0000002e   Code   RO           11    .text.main          main.o
    0x08007496   0x08007496   0x0000001a   Code   RO         1803    x$fpl$fpinit        fz_wm.l(fpinit.o)
    0x080074b0   0x080074b0   0x00000010   Data   RO         1365    .rodata.AHBPrescTable  system_stm32f4xx.o
    0x080074c0   0x080074c0   0x00000008   Data   RO         1366    .rodata.APBPrescTable  system_stm32f4xx.o
    0x080074c8   0x080074c8   0x00000014   Data   RO          193    .rodata.SD_Driver   sd_diskio.o
    0x080074dc   0x080074dc   0x00000024   Data   RO          278    .rodata.STORAGE_Inquirydata_FS  usbd_storage_if.o
    0x08007500   0x08007500   0x00000008   Data   RO          730    .rodata.cst8        stm32f4xx_hal_dma.o
    0x08007508   0x08007508   0x00000020   Data   RO         1864    Region$$Table       anon$$obj.o


    Execution Region RW_IRAM1 (Exec base: 0x20000000, Load base: 0x08007528, Size: 0x0000aeb0, Max: 0x0001c000, ABSOLUTE)

    Exec Addr    Load Addr    Size         Type   Attr      Idx    E Section Name        Object

    0x20000000   0x08007528   0x00000008   Data   RW          902    .data..L_MergedGlobals  stm32f4xx_hal.o
    0x20000008   0x08007530   0x00000002   Data   RW         1615    .data..L_MergedGlobals  usbd_msc.o
    0x2000000a   0x08007532   0x00000002   PAD
    0x2000000c   0x08007534   0x0000001c   Data   RW          251    .data.FS_Desc       usbd_desc.o
    0x20000028   0x08007550   0x0000001b   Data   RW         1653    .data.MSC_Mode_Sense10_data  usbd_msc_data.o
    0x20000043   0x0800756b   0x00000017   Data   RW         1652    .data.MSC_Mode_Sense6_data  usbd_msc_data.o
    0x2000005a   0x08007582   0x00000006   Data   RW         1650    .data.MSC_Page00_Inquiry_Data  usbd_msc_data.o
    0x20000060   0x08007588   0x00000008   Data   RW         1651    .data.MSC_Page80_Inquiry_Data  usbd_msc_data.o
    0x20000068   0x08007590   0x00000001   Data   RW          194    .data.Stat          sd_diskio.o
    0x20000069   0x08007591   0x00000003   PAD
    0x2000006c   0x08007594   0x00000004   Data   RW         1364    .data.SystemCoreClock  system_stm32f4xx.o
    0x20000070   0x08007598   0x00000012   Data   RW          252    .data.USBD_FS_DeviceDesc  usbd_desc.o
    0x20000082   0x080075aa   0x00000002   PAD
    0x20000084   0x080075ac   0x00000004   Data   RW          253    .data.USBD_LangIDDesc  usbd_desc.o
    0x20000088   0x080075b0   0x00000038   Data   RW         1612    .data.USBD_MSC      usbd_msc.o
    0x200000c0   0x080075e8   0x00000020   Data   RW         1613    .data.USBD_MSC_CfgDesc  usbd_msc.o
    0x200000e0   0x08007608   0x0000000a   Data   RW         1614    .data.USBD_MSC_DeviceQualifierDesc  usbd_msc.o
    0x200000ea   0x08007612   0x00000002   PAD
    0x200000ec   0x08007614   0x00000020   Data   RW          279    .data.USBD_Storage_Interface_fops_FS  usbd_storage_if.o
    0x2000010c   0x08007634   0x0000001a   Data   RW          254    .data.USBD_StringSerial  usbd_desc.o
    0x20000126   0x0800764e   0x00000002   PAD
    0x20000128        -       0x00000060   Zero   RW         1729    .bss                c_w.l(libspace.o)
    0x20000188        -       0x00000005   Zero   RW          220    .bss..L_MergedGlobals  fatfs.o
    0x2000018d   0x0800764e   0x00000003   PAD
    0x20000190        -       0x00000004   Zero   RW          195    .bss.ReadStatus     sd_diskio.o
    0x20000194        -       0x00000001   Zero   RW         1561    .bss.USBD_SetConfig.cfgidx  usbd_ctlreq.o
    0x20000195   0x0800764e   0x00000003   PAD
    0x20000198        -       0x00000200   Zero   RW          255    .bss.USBD_StrDesc   usbd_desc.o
    0x20000398        -       0x00008078   Zero   RW          351    .bss.USBD_static_malloc.mem  usbd_conf.o
    0x20008410        -       0x00000004   Zero   RW          196    .bss.WriteStatus    sd_diskio.o
    0x20008414        -       0x0000000c   Zero   RW         1483    .bss.disk           ff_gen_drv.o
    0x20008420        -       0x000002dc   Zero   RW          230    .bss.hUsbDeviceFS   usb_device.o
    0x200086fc        -       0x00000060   Zero   RW           65    .bss.hdma_sdio_rx   sdio.o
    0x2000875c        -       0x00000060   Zero   RW           66    .bss.hdma_sdio_tx   sdio.o
    0x200087bc        -       0x00000054   Zero   RW           49    .bss.hi2c1          i2c.o
    0x20008810        -       0x0000050c   Zero   RW          350    .bss.hpcd_USB_OTG_FS  usbd_conf.o
    0x20008d1c        -       0x00000084   Zero   RW           64    .bss.hsd            sdio.o
    0x20008da0        -       0x00000058   Zero   RW           85    .bss.hspi1          spi.o
    0x20008df8        -       0x00000058   Zero   RW           86    .bss.hspi2          spi.o
    0x20008e50        -       0x00000058   Zero   RW           87    .bss.hspi3          spi.o
    0x20008ea8        -       0x00000004   Zero   RW          901    .bss.uwTick         stm32f4xx_hal.o
    0x20008eac   0x0800764e   0x00000004   PAD
    0x20008eb0        -       0x00001000   Zero   RW            2    HEAP                startup_stm32f407xx.o
    0x20009eb0        -       0x00001000   Zero   RW            1    STACK               startup_stm32f407xx.o


    Execution Region RW_IRAM2 (Exec base: 0x2001c000, Load base: 0x08007650, Size: 0x00000000, Max: 0x00004000, ABSOLUTE)

    **** No section assigned to this execution region ****


==============================================================================

Image component sizes


      Code (inc. data)   RO Data    RW Data    ZI Data      Debug   Object Name

       194          0          0          0          0       6818   bsp_driver_sd.o
        72          0          0          0          0       3432   dma.o
        28          0          0          0          5       1898   fatfs.o
        24          0          0          0          0       1164   fatfs_platform.o
        76          0          0          0         12       3222   ff_gen_drv.o
       200          0          0          0          0       2185   gpio.o
       172          0          0          0         84       5220   i2c.o
       232          0          0          0          0       2681   main.o
       508          6         20          1          8       4179   sd_diskio.o
       420          0          0          0        324       7421   sdio.o
       478          0          0          0        264       5465   spi.o
        64         26        392          0       8192        812   startup_stm32f407xx.o
       204          0          0          8          4       7261   stm32f4xx_hal.o
       200          0          0          0          0      10491   stm32f4xx_hal_cortex.o
      1000          6          8          0          0      10565   stm32f4xx_hal_dma.o
       442          0          0          0          0       5224   stm32f4xx_hal_gpio.o
       374          0          0          0          0      53661   stm32f4xx_hal_i2c.o
        56          0          0          0          0       1423   stm32f4xx_hal_msp.o
      3396          0          0          0          0      16852   stm32f4xx_hal_pcd.o
       244          0          0          0          0       4573   stm32f4xx_hal_pcd_ex.o
      1394          0          0          0          0       7389   stm32f4xx_hal_rcc.o
      3294          0          0          0          0      27075   stm32f4xx_hal_sd.o
       180          0          0          0          0      26015   stm32f4xx_hal_spi.o
        68          0          0          0          0       6734   stm32f4xx_it.o
      1676          0          0          0          0      21518   stm32f4xx_ll_sdmmc.o
      4466          0          0          0          0      32424   stm32f4xx_ll_usb.o
        18          0         24          4          0       2614   system_stm32f4xx.o
       114          0          0          0        732       3151   usb_device.o
       802          0          0          0      34180      18221   usbd_conf.o
       976          0          0          0          0      10823   usbd_core.o
      1664         34          0          0          1      10209   usbd_ctlreq.o
       556         68          0         76        512       4188   usbd_desc.o
       102          0          0          0          0       4664   usbd_ioreq.o
       752         14          0        100          0       8023   usbd_msc.o
      1212          0          0          0          0       9071   usbd_msc_bot.o
         0          0          0         64          0        708   usbd_msc_data.o
      2984        184          0          0          0      16327   usbd_msc_scsi.o
        40          0         36         32          0       2319   usbd_storage_if.o

    ----------------------------------------------------------------------
     28930        338        512        296      44328     366020   Object Totals
         0          0         32          0          0          0   (incl. Generated)
       248          0          0         11         10          0   (incl. Padding)

    ----------------------------------------------------------------------

      Code (inc. data)   RO Data    RW Data    ZI Data      Debug   Library Member Name

         8          0          0          0          0         68   __main.o
         0          0          0          0          0          0   __rtentry.o
        12          0          0          0          0          0   __rtentry2.o
         6          0          0          0          0          0   __rtentry4.o
        52          8          0          0          0          0   __scatter.o
        26          0          0          0          0          0   __scatter_copy.o
        28          0          0          0          0          0   __scatter_zi.o
        18          0          0          0          0         80   exit.o
         6          0          0          0          0        152   heapauxi.o
         0          0          0          0          0          0   indicate_semi.o
         2          0          0          0          0          0   libinit.o
         6          0          0          0          0          0   libinit2.o
         2          0          0          0          0          0   libshutdown.o
         2          0          0          0          0          0   libshutdown2.o
         8          4          0          0         96         68   libspace.o
       240          0          0          0          0        100   lludivv7m.o
         2          0          0          0          0          0   rtexit.o
        10          0          0          0          0          0   rtexit2.o
        12          4          0          0          0         68   sys_exit.o
        74          0          0          0          0         80   sys_stackheap_outer.o
         2          0          0          0          0         68   use_no_semi.o
        26          0          0          0          0        116   fpinit.o

    ----------------------------------------------------------------------
       550         16          0          0         96        800   Library Totals
         8          0          0          0          0          0   (incl. Padding)

    ----------------------------------------------------------------------

      Code (inc. data)   RO Data    RW Data    ZI Data      Debug   Library Name

       516         16          0          0         96        684   c_w.l
        26          0          0          0          0        116   fz_wm.l

    ----------------------------------------------------------------------
       550         16          0          0         96        800   Library Totals

    ----------------------------------------------------------------------

==============================================================================


      Code (inc. data)   RO Data    RW Data    ZI Data      Debug   

     29480        354        512        296      44424     365912   Grand Totals
     29480        354        512        296      44424     365912   ELF Image Totals
     29480        354        512        296          0          0   ROM Totals

==============================================================================

    Total RO  Size (Code + RO Data)                29992 (  29.29kB)
    Total RW  Size (RW Data + ZI Data)             44720 (  43.67kB)
    Total ROM Size (Code + RO Data + RW Data)      30288 (  29.58kB)

==============================================================================

